<html>
<body>
<pre>
<h1>礦ision Build Log</h1>
<h2>Tool Versions:</h2>
IDE-Version: μVision V5.13.0.0
Copyright (C) 2014 ARM Ltd and ARM Germany GmbH. All rights reserved.
License Information: eric Win, Win, LIC=FQQQD-89G9A-NTT3G-V1PT9-V1YVI-LRP5B
 
Tool Versions:
Toolchain:       MDK-ARM Professional  Version: 5.13.0.0
Toolchain Path:  d:\develop\Keil_v5\ARM\ARMCC\Bin
C Compiler:      Armcc.exe V5.05 update 1 (build 106)
Assembler:       Armasm.exe V5.05 update 1 (build 106)
Linker/Locator:  ArmLink.exe V5.05 update 1 (build 106)
Library Manager: ArmAr.exe V5.05 update 1 (build 106)
Hex Converter:   FromElf.exe V5.05 update 1 (build 106)
CPU DLL:         SARMCM3.DLL V5.13.0.0
Dialog DLL:      DARMCM1.DLL V1.12.0.0
Target DLL:      Segger\JL2CM3.dll V2.99.11.0
Dialog DLL:      TARMCM1.DLL V1.9.0.0
 
<h2>Project:</h2>
E:\项目\51822\test\nRF51_SDK_10\examples\ble_peripheral\ble_app_template\pca10028\s110\arm5_no_packs\ble_app_template_s110_pca10028.uvprojx
Project File Date:  04/23/2016

<h2>Output:</h2>
Build target 'nrf51422_xxac_s110'
compiling main.c...
..\..\..\main.c(132): warning:  #223-D: function "eric_uart_send" declared implicitly
        eric_uart_send(p_data,length);
..\..\..\main.c(175): warning:  #223-D: function "ble_wechat_target_update" declared implicitly
        ble_wechat_target_update(&m_ble_wechat, target );
..\..\..\main.c(161): warning:  #177-D: variable "temp" was declared but never referenced
        static uint32_t temp=0;
..\..\..\main.c(379): warning:  #177-D: variable "bas_init" was declared but never referenced
      ble_bas_init_t bas_init;
..\..\..\main.c(380): warning:  #177-D: variable "dis_init" was declared but never referenced
      ble_dis_init_t dis_init;
..\..\..\main.c(381): warning:  #177-D: variable "hrs_init" was declared but never referenced
        ble_hrs_init_t hrs_init;
..\..\..\main.c(384): warning:  #177-D: variable "body_sensor_location" was declared but never referenced
        uint8_t         body_sensor_location;
..\..\..\main.c(925): warning:  #550-D: variable "temp" was set but never used
      unsigned char temp;
..\..\..\main.c(971): warning:  #223-D: function "SEGGER_RTT_Init" declared implicitly
  SEGGER_RTT_Init();
..\..\..\main.c(972): warning:  #223-D: function "eric_uart_Init" declared implicitly
        eric_uart_Init();
..\..\..\main.c(973): warning:  #223-D: function "comm_init" declared implicitly
        comm_init();
..\..\..\main.c(1002): warning:  #223-D: function "rece_dispatch" declared implicitly
                                        rece_dispatch(buffer);
..\..\..\main.c(154): warning:  #177-D: function "sensor_timeout_handler" was declared but never referenced
  static void sensor_timeout_handler(void * p_context)
..\..\..\main.c(203): warning:  #177-D: function "blinky_timeout_handler" was declared but never referenced
  static void blinky_timeout_handler(void * p_context)
..\..\..\main.c(529): warning:  #177-D: function "application_timers_start" was declared but never referenced
  static void application_timers_start(void)
..\..\..\main.c(869): warning:  #177-D: function "uart_init" was declared but never referenced
  static void uart_init(void)
..\..\..\main.c(899): warning:  #177-D: function "buttons_leds_init" was declared but never referenced
  static void buttons_leds_init(bool * p_erase_bonds)
..\..\..\main.c: 17 warnings, 0 errors
linking...
Program Size: Code=24568 RO-data=380 RW-data=404 ZI-data=6916  
FromELF: creating hex file...
".\_build\nrf51422_xxac_s110.axf" - 0 Error(s), 17 Warning(s).

<h2>Software Packages used:</h2>

Package Vendor: ARM
                http://www.keil.com/pack/ARM.CMSIS.4.5.0.pack
                ARM::CMSIS:CORE:4.3.0
                CMSIS (Cortex Microcontroller Software Interface Standard)
   * Component: CORE Version: 4.3.0

Package Vendor: NordicSemiconductor
                http://developer.nordicsemi.com/nRF51_SDK/pieces/nRF_DeviceFamilyPack/NordicSemiconductor.nRF_DeviceFamilyPack.8.2.0.pack
                NordicSemiconductor::Device:Startup:8.2.0
                Nordic Semiconductor nRF ARM devices Device Family Pack.
   * Component: Startup Version: 8.2.0

<h2>Collection of Component include folders:</h2>
  E:\项目\51822\test\nRF51_SDK_10\examples\ble_peripheral\ble_app_template\pca10028\s110\arm5_no_packs\RTE
  d:\develop\Keil_v5\ARM\PACK\ARM\CMSIS\4.5.0\CMSIS\Include
  d:\develop\Keil_v5\ARM\PACK\NordicSemiconductor\nRF_DeviceFamilyPack\8.2.0\Device\Include

<h2>Collection of Component Files used:</h2>

   * Component: ARM::CMSIS:CORE:4.3.0

   * Component: NordicSemiconductor::Device:Startup:8.2.0
      Source file:   Device\Source\arm\arm_startup_nrf51.s
      Source file:   Device\Source\system_nrf51.c
      Include file:  Device\Include\system_nrf51.h
</pre>
</body>
</html>
