Component: ARM Compiler 5.05 update 1 (build 106) Tool: armlink [4d0efa]

==============================================================================

Section Cross References

    tim.o(i.HAL_TIM_MspPostInit) refers to stm32f4xx_hal_gpio.o(i.HAL_GPIO_Init) for HAL_GPIO_Init
    tim.o(i.MX_TIM3_Init) refers to stm32f4xx_hal_tim.o(i.HAL_TIM_PWM_Init) for HAL_TIM_PWM_Init
    tim.o(i.MX_TIM3_Init) refers to stm32f4xx_hal_tim_ex.o(i.HAL_TIMEx_MasterConfigSynchronization) for HAL_TIMEx_MasterConfigSynchronization
    tim.o(i.MX_TIM3_Init) refers to stm32f4xx_hal_tim.o(i.HAL_TIM_PWM_ConfigChannel) for HAL_TIM_PWM_ConfigChannel
    tim.o(i.MX_TIM3_Init) refers to tim.o(i.HAL_TIM_MspPostInit) for HAL_TIM_MspPostInit
    tim.o(i.MX_TIM3_Init) refers to tim.o(.bss) for htim3
    stm32f4xx_it.o(i.ADC_IRQHandler) refers to stm32f4xx_hal_adc.o(i.HAL_ADC_IRQHandler) for HAL_ADC_IRQHandler
    stm32f4xx_it.o(i.ADC_IRQHandler) refers to adc.o(.bss) for hadc1
    stm32f4xx_it.o(i.EXTI0_IRQHandler) refers to stm32f4xx_hal_gpio.o(i.HAL_GPIO_EXTI_IRQHandler) for HAL_GPIO_EXTI_IRQHandler
    stm32f4xx_it.o(i.EXTI15_10_IRQHandler) refers to stm32f4xx_hal_gpio.o(i.HAL_GPIO_EXTI_IRQHandler) for HAL_GPIO_EXTI_IRQHandler
    stm32f4xx_it.o(i.EXTI1_IRQHandler) refers to stm32f4xx_hal_gpio.o(i.HAL_GPIO_EXTI_IRQHandler) for HAL_GPIO_EXTI_IRQHandler
    stm32f4xx_it.o(i.EXTI9_5_IRQHandler) refers to stm32f4xx_hal_gpio.o(i.HAL_GPIO_EXTI_IRQHandler) for HAL_GPIO_EXTI_IRQHandler
    stm32f4xx_it.o(i.RTC_Alarm_IRQHandler) refers to stm32f4xx_hal_rtc.o(i.HAL_RTC_AlarmIRQHandler) for HAL_RTC_AlarmIRQHandler
    stm32f4xx_it.o(i.RTC_Alarm_IRQHandler) refers to rtc_1.o(.bss) for hrtc
    stm32f4xx_it.o(i.RTC_WKUP_IRQHandler) refers to stm32f4xx_hal_rtc_ex.o(i.HAL_RTCEx_WakeUpTimerIRQHandler) for HAL_RTCEx_WakeUpTimerIRQHandler
    stm32f4xx_it.o(i.RTC_WKUP_IRQHandler) refers to rtc_1.o(.bss) for hrtc
    stm32f4xx_it.o(i.SysTick_Handler) refers to stm32f4xx_hal.o(i.HAL_IncTick) for HAL_IncTick
    stm32f4xx_it.o(i.SysTick_Handler) refers to cmsis_os.o(i.osSystickHandler) for osSystickHandler
    stm32f4xx_it.o(i.USART2_IRQHandler) refers to stm32f4xx_hal_uart.o(i.HAL_UART_IRQHandler) for HAL_UART_IRQHandler
    stm32f4xx_it.o(i.USART2_IRQHandler) refers to usart.o(.bss) for huart2
    adc.o(i.HAL_ADC_MspDeInit) refers to stm32f4xx_hal_gpio.o(i.HAL_GPIO_DeInit) for HAL_GPIO_DeInit
    adc.o(i.HAL_ADC_MspDeInit) refers to stm32f4xx_hal_cortex.o(i.HAL_NVIC_DisableIRQ) for HAL_NVIC_DisableIRQ
    adc.o(i.HAL_ADC_MspInit) refers to stm32f4xx_hal_gpio.o(i.HAL_GPIO_Init) for HAL_GPIO_Init
    adc.o(i.HAL_ADC_MspInit) refers to stm32f4xx_hal_cortex.o(i.HAL_NVIC_SetPriority) for HAL_NVIC_SetPriority
    adc.o(i.HAL_ADC_MspInit) refers to stm32f4xx_hal_cortex.o(i.HAL_NVIC_EnableIRQ) for HAL_NVIC_EnableIRQ
    adc.o(i.MX_ADC1_Init) refers to stm32f4xx_hal_adc.o(i.HAL_ADC_Init) for HAL_ADC_Init
    adc.o(i.MX_ADC1_Init) refers to stm32f4xx_hal_adc.o(i.HAL_ADC_ConfigChannel) for HAL_ADC_ConfigChannel
    adc.o(i.MX_ADC1_Init) refers to adc.o(.bss) for hadc1
    adc.o(i.eric_sleep_adc) refers to stm32f4xx_hal_adc.o(i.HAL_ADC_DeInit) for HAL_ADC_DeInit
    adc.o(i.eric_sleep_adc) refers to adc.o(.bss) for hadc1
    adc.o(i.eric_wake_adc) refers to stm32f4xx_hal_adc.o(i.HAL_ADC_Init) for HAL_ADC_Init
    adc.o(i.eric_wake_adc) refers to adc.o(.bss) for hadc1
    gpio.o(i.HAL_GPIO_EXTI_Callback) refers to freertos.o(i.Info_Handler) for Info_Handler
    gpio.o(i.HAL_GPIO_EXTI_Callback) refers to freertos.o(i.send_message) for send_message
    gpio.o(i.HAL_GPIO_EXTI_Callback) refers to freertos.o(.data) for init_finish
    gpio.o(i.MX_GPIO_Init) refers to stm32f4xx_hal_gpio.o(i.HAL_GPIO_Init) for HAL_GPIO_Init
    gpio.o(i.MX_GPIO_Init) refers to stm32f4xx_hal_gpio.o(i.HAL_GPIO_WritePin) for HAL_GPIO_WritePin
    gpio.o(i.MX_GPIO_Init) refers to stm32f4xx_hal_cortex.o(i.HAL_NVIC_SetPriority) for HAL_NVIC_SetPriority
    gpio.o(i.MX_GPIO_Init) refers to stm32f4xx_hal_cortex.o(i.HAL_NVIC_EnableIRQ) for HAL_NVIC_EnableIRQ
    i2c.o(i.HAL_I2C_MspDeInit) refers to stm32f4xx_hal_gpio.o(i.HAL_GPIO_DeInit) for HAL_GPIO_DeInit
    i2c.o(i.HAL_I2C_MspInit) refers to stm32f4xx_hal_gpio.o(i.HAL_GPIO_Init) for HAL_GPIO_Init
    i2c.o(i.MX_I2C1_Init) refers to stm32f4xx_hal_i2c.o(i.HAL_I2C_Init) for HAL_I2C_Init
    i2c.o(i.MX_I2C1_Init) refers to i2c.o(.bss) for hi2c1
    i2c.o(i.MX_I2C2_Init) refers to stm32f4xx_hal_i2c.o(i.HAL_I2C_Init) for HAL_I2C_Init
    i2c.o(i.MX_I2C2_Init) refers to i2c.o(.bss) for hi2c2
    usart.o(i.HAL_UART_MspDeInit) refers to stm32f4xx_hal_gpio.o(i.HAL_GPIO_DeInit) for HAL_GPIO_DeInit
    usart.o(i.HAL_UART_MspDeInit) refers to stm32f4xx_hal_cortex.o(i.HAL_NVIC_DisableIRQ) for HAL_NVIC_DisableIRQ
    usart.o(i.HAL_UART_MspInit) refers to stm32f4xx_hal_gpio.o(i.HAL_GPIO_Init) for HAL_GPIO_Init
    usart.o(i.HAL_UART_MspInit) refers to stm32f4xx_hal_cortex.o(i.HAL_NVIC_SetPriority) for HAL_NVIC_SetPriority
[...]
    UsageFault_Handler                       0x08008275   Thumb Code     2  startup_stm32f401xe.o(.text)
    DebugMon_Handler                         0x08008279   Thumb Code     2  startup_stm32f401xe.o(.text)
    DMA1_Stream0_IRQHandler                  0x0800827f   Thumb Code     0  startup_stm32f401xe.o(.text)
    DMA1_Stream1_IRQHandler                  0x0800827f   Thumb Code     0  startup_stm32f401xe.o(.text)
    DMA1_Stream2_IRQHandler                  0x0800827f   Thumb Code     0  startup_stm32f401xe.o(.text)
    DMA1_Stream3_IRQHandler                  0x0800827f   Thumb Code     0  startup_stm32f401xe.o(.text)
    DMA1_Stream4_IRQHandler                  0x0800827f   Thumb Code     0  startup_stm32f401xe.o(.text)
    DMA1_Stream5_IRQHandler                  0x0800827f   Thumb Code     0  startup_stm32f401xe.o(.text)
    DMA1_Stream6_IRQHandler                  0x0800827f   Thumb Code     0  startup_stm32f401xe.o(.text)
    DMA1_Stream7_IRQHandler                  0x0800827f   Thumb Code     0  startup_stm32f401xe.o(.text)
    DMA2_Stream0_IRQHandler                  0x0800827f   Thumb Code     0  startup_stm32f401xe.o(.text)
    DMA2_Stream1_IRQHandler                  0x0800827f   Thumb Code     0  startup_stm32f401xe.o(.text)
    DMA2_Stream2_IRQHandler                  0x0800827f   Thumb Code     0  startup_stm32f401xe.o(.text)
    DMA2_Stream3_IRQHandler                  0x0800827f   Thumb Code     0  startup_stm32f401xe.o(.text)
    DMA2_Stream4_IRQHandler                  0x0800827f   Thumb Code     0  startup_stm32f401xe.o(.text)
    DMA2_Stream5_IRQHandler                  0x0800827f   Thumb Code     0  startup_stm32f401xe.o(.text)
    DMA2_Stream6_IRQHandler                  0x0800827f   Thumb Code     0  startup_stm32f401xe.o(.text)
    DMA2_Stream7_IRQHandler                  0x0800827f   Thumb Code     0  startup_stm32f401xe.o(.text)
    EXTI2_IRQHandler                         0x0800827f   Thumb Code     0  startup_stm32f401xe.o(.text)
    EXTI3_IRQHandler                         0x0800827f   Thumb Code     0  startup_stm32f401xe.o(.text)
    EXTI4_IRQHandler                         0x0800827f   Thumb Code     0  startup_stm32f401xe.o(.text)
    FLASH_IRQHandler                         0x0800827f   Thumb Code     0  startup_stm32f401xe.o(.text)
    FPU_IRQHandler                           0x0800827f   Thumb Code     0  startup_stm32f401xe.o(.text)
    I2C1_ER_IRQHandler                       0x0800827f   Thumb Code     0  startup_stm32f401xe.o(.text)
    I2C1_EV_IRQHandler                       0x0800827f   Thumb Code     0  startup_stm32f401xe.o(.text)
    I2C2_ER_IRQHandler                       0x0800827f   Thumb Code     0  startup_stm32f401xe.o(.text)
    I2C2_EV_IRQHandler                       0x0800827f   Thumb Code     0  startup_stm32f401xe.o(.text)
    I2C3_ER_IRQHandler                       0x0800827f   Thumb Code     0  startup_stm32f401xe.o(.text)
    I2C3_EV_IRQHandler                       0x0800827f   Thumb Code     0  startup_stm32f401xe.o(.text)
    OTG_FS_IRQHandler                        0x0800827f   Thumb Code     0  startup_stm32f401xe.o(.text)
    OTG_FS_WKUP_IRQHandler                   0x0800827f   Thumb Code     0  startup_stm32f401xe.o(.text)
    PVD_IRQHandler                           0x0800827f   Thumb Code     0  startup_stm32f401xe.o(.text)
    RCC_IRQHandler                           0x0800827f   Thumb Code     0  startup_stm32f401xe.o(.text)
    SDIO_IRQHandler                          0x0800827f   Thumb Code     0  startup_stm32f401xe.o(.text)
    SPI1_IRQHandler                          0x0800827f   Thumb Code     0  startup_stm32f401xe.o(.text)
    SPI2_IRQHandler                          0x0800827f   Thumb Code     0  startup_stm32f401xe.o(.text)
    SPI3_IRQHandler                          0x0800827f   Thumb Code     0  startup_stm32f401xe.o(.text)
    SPI4_IRQHandler                          0x0800827f   Thumb Code     0  startup_stm32f401xe.o(.text)
    TAMP_STAMP_IRQHandler                    0x0800827f   Thumb Code     0  startup_stm32f401xe.o(.text)
    TIM1_BRK_TIM9_IRQHandler                 0x0800827f   Thumb Code     0  startup_stm32f401xe.o(.text)
    TIM1_CC_IRQHandler                       0x0800827f   Thumb Code     0  startup_stm32f401xe.o(.text)
    TIM1_TRG_COM_TIM11_IRQHandler            0x0800827f   Thumb Code     0  startup_stm32f401xe.o(.text)
    TIM1_UP_TIM10_IRQHandler                 0x0800827f   Thumb Code     0  startup_stm32f401xe.o(.text)
    TIM2_IRQHandler                          0x0800827f   Thumb Code     0  startup_stm32f401xe.o(.text)
    TIM3_IRQHandler                          0x0800827f   Thumb Code     0  startup_stm32f401xe.o(.text)
    TIM4_IRQHandler                          0x0800827f   Thumb Code     0  startup_stm32f401xe.o(.text)
    TIM5_IRQHandler                          0x0800827f   Thumb Code     0  startup_stm32f401xe.o(.text)
    USART1_IRQHandler                        0x0800827f   Thumb Code     0  startup_stm32f401xe.o(.text)
    USART6_IRQHandler                        0x0800827f   Thumb Code     0  startup_stm32f401xe.o(.text)
    WWDG_IRQHandler                          0x0800827f   Thumb Code     0  startup_stm32f401xe.o(.text)
    EPD_TCON_Init                            0x08008289   Thumb Code   160  epd_tcon.o(.text)
    EPD_TCON_Set_Border                      0x08008329   Thumb Code    34  epd_tcon.o(.text)
    EPD_TCON_Update                          0x0800834b   Thumb Code   734  epd_tcon.o(.text)
    EPD_TCON_UpdateWithReagl                 0x08008629   Thumb Code    16  epd_tcon.o(.text)
    EPD_TCON_GetUpdateBuffer                 0x08008639   Thumb Code     4  epd_tcon.o(.text)
    EPD_TCON_PanelClear                      0x0800863d   Thumb Code    36  epd_tcon.o(.text)
    EPD_TCON_PowerOn                         0x08008661   Thumb Code     8  epd_tcon.o(.text)
    EPD_TCON_PowerOff                        0x08008669   Thumb Code     4  epd_tcon.o(.text)
    EPD_TCON_LoadWaveform                    0x0800866d   Thumb Code     4  epd_tcon.o(.text)
    EPD_TCON_SetVcom                         0x08008671   Thumb Code    44  epd_tcon.o(.text)
    EPD_TCON_GetPanelInfo                    0x0800869d   Thumb Code     4  epd_tcon.o(.text)
    EPD_TCON_SetFrameRate                    0x080086a1   Thumb Code     8  epd_tcon.o(.text)
    EPD_TCON_GetFrameRate                    0x080086a9   Thumb Code     6  epd_tcon.o(.text)
    EPD_TCON_ReadTemperature                 0x080086af   Thumb Code     4  epd_tcon.o(.text)
    EPD_DRV_CheckConnect                     0x08008bfd   Thumb Code    72  epd_driver.o(.text)
    EPD_DRV_Init                             0x08008c45   Thumb Code   176  epd_driver.o(.text)
    EPD_DRV_PowerOn                          0x08008cf5   Thumb Code   290  epd_driver.o(.text)
    EPD_DRV_ResetOutput                      0x08008e17   Thumb Code    52  epd_driver.o(.text)
    EPD_DRV_SetBorderBlack                   0x08008e4b   Thumb Code   324  epd_driver.o(.text)
    EPD_DRV_SetBorderWhite                   0x08008f8f   Thumb Code   362  epd_driver.o(.text)
    EPD_DRV_PowerOff                         0x080090f9   Thumb Code   126  epd_driver.o(.text)
    EPD_DRV_SendScanLine                     0x08009177   Thumb Code   218  epd_driver.o(.text)
    EPD_DRV_ReadTemperature                  0x08009251   Thumb Code   114  epd_driver.o(.text)
    EPD_DRV_SetFrameRate                     0x080092c3   Thumb Code    36  epd_driver.o(.text)
    EPD_WF_Version                           0x08009331   Thumb Code     8  epd_waveform.o(.text)
    EPD_WF_DataSize                          0x08009339   Thumb Code     8  epd_waveform.o(.text)
    EPD_WF_SrcDataMode                       0x08009341   Thumb Code     8  epd_waveform.o(.text)
    EPD_WF_Init                              0x08009349   Thumb Code   206  epd_waveform.o(.text)
    EPD_WF_GetData                           0x08009417   Thumb Code   160  epd_waveform.o(.text)
    __aeabi_ldivmod                          0x080094bd   Thumb Code    98  ldiv.o(.text)
    ___aeabi_memcpy8$move                    0x0800951f   Thumb Code     0  memmovea.o(.text)
    __aeabi_memcpy                           0x0800951f   Thumb Code    64  memmovea.o(.text)
    __aeabi_memcpy4                          0x0800951f   Thumb Code     0  memmovea.o(.text)
    __aeabi_memmove                          0x0800951f   Thumb Code     0  memmovea.o(.text)
    __aeabi_memmove4                         0x0800951f   Thumb Code     0  memmovea.o(.text)
    __aeabi_memmove8                         0x0800951f   Thumb Code     0  memmovea.o(.text)
    __aeabi_memset                           0x0800955f   Thumb Code    14  memseta.o(.text)
    __aeabi_memset4                          0x0800955f   Thumb Code     0  memseta.o(.text)
    __aeabi_memset8                          0x0800955f   Thumb Code     0  memseta.o(.text)
    __aeabi_memclr                           0x0800956d   Thumb Code     4  memseta.o(.text)
    __aeabi_memclr4                          0x0800956d   Thumb Code     0  memseta.o(.text)
    __aeabi_memclr8                          0x0800956d   Thumb Code     0  memseta.o(.text)
    _memset$wrapper                          0x08009571   Thumb Code    18  memseta.o(.text)
    strlen                                   0x08009583   Thumb Code    14  strlen.o(.text)
    __aeabi_dmul                             0x08009591   Thumb Code   228  dmul.o(.text)
    __aeabi_f2d                              0x08009675   Thumb Code    38  f2d.o(.text)
    __aeabi_uidiv                            0x0800969b   Thumb Code     0  uidiv.o(.text)
    __aeabi_uidivmod                         0x0800969b   Thumb Code    44  uidiv.o(.text)
    __aeabi_uldivmod                         0x080096c7   Thumb Code    98  uldiv.o(.text)
    __I$use$fp                               0x08009729   Thumb Code     0  iusefp.o(.text)
    _double_round                            0x08009729   Thumb Code    30  depilogue.o(.text)
    _double_epilogue                         0x08009747   Thumb Code   156  depilogue.o(.text)
    __aeabi_dadd                             0x080097e3   Thumb Code   322  dadd.o(.text)
    __aeabi_dsub                             0x08009925   Thumb Code     6  dadd.o(.text)
    __aeabi_drsub                            0x0800992b   Thumb Code     6  dadd.o(.text)
    __aeabi_ddiv                             0x08009931   Thumb Code   222  ddiv.o(.text)
    __aeabi_d2ulz                            0x08009a0f   Thumb Code    48  dfixul.o(.text)
    __aeabi_cdrcmple                         0x08009a41   Thumb Code    48  cdrcmple.o(.text)
    __scatterload                            0x08009a71   Thumb Code    28  init.o(.text)
    __scatterload_rt2                        0x08009a71   Thumb Code     0  init.o(.text)
    __aeabi_llsl                             0x08009a95   Thumb Code    30  llshl.o(.text)
    _ll_shift_l                              0x08009a95   Thumb Code     0  llshl.o(.text)
    __aeabi_llsr                             0x08009ab3   Thumb Code    32  llushr.o(.text)
    _ll_ushift_r                             0x08009ab3   Thumb Code     0  llushr.o(.text)
    __aeabi_lasr                             0x08009ad3   Thumb Code    36  llsshr.o(.text)
    _ll_sshift_r                             0x08009ad3   Thumb Code     0  llsshr.o(.text)
    __decompress                             0x08009af7   Thumb Code     0  __dczerorl2.o(.text)
    __decompress1                            0x08009af7   Thumb Code    86  __dczerorl2.o(.text)
    ADC_IRQHandler                           0x08009b4d   Thumb Code    10  stm32f4xx_it.o(i.ADC_IRQHandler)
    CaculateWeekDay                          0x08009cd5   Thumb Code    98  eric_rtc.o(i.CaculateWeekDay)
    EXTI0_IRQHandler                         0x08009d37   Thumb Code    10  stm32f4xx_it.o(i.EXTI0_IRQHandler)
    EXTI15_10_IRQHandler                     0x08009d41   Thumb Code    20  stm32f4xx_it.o(i.EXTI15_10_IRQHandler)
    EXTI1_IRQHandler                         0x08009d55   Thumb Code    10  stm32f4xx_it.o(i.EXTI1_IRQHandler)
    EXTI9_5_IRQHandler                       0x08009d5f   Thumb Code    12  stm32f4xx_it.o(i.EXTI9_5_IRQHandler)
    Error_Handler                            0x08009d6d   Thumb Code    16  freertos.o(i.Error_Handler)
    FLASH_Erase_Sector                       0x08009d89   Thumb Code    98  stm32f4xx_hal_flash_ex.o(i.FLASH_Erase_Sector)
    FLASH_FlushCaches                        0x08009df1   Thumb Code   114  stm32f4xx_hal_flash_ex.o(i.FLASH_FlushCaches)
    FLASH_WaitForLastOperation               0x08009fed   Thumb Code   102  stm32f4xx_hal_flash.o(i.FLASH_WaitForLastOperation)
    GR_DrawPixel                             0x0800a1f9   Thumb Code    98  graphics_2bpp.o(i.GR_DrawPixel)
    GR_DrawRectangle                         0x0800a261   Thumb Code   180  graphics_2bpp.o(i.GR_DrawRectangle)
    GR_FillRectangle                         0x0800a3a5   Thumb Code   154  graphics_2bpp.o(i.GR_FillRectangle)
    GR_Initial                               0x0800a445   Thumb Code    82  graphics_2bpp.o(i.GR_Initial)
    HAL_ADCEx_InjectedConvCpltCallback       0x0800a535   Thumb Code     2  stm32f4xx_hal_adc_ex.o(i.HAL_ADCEx_InjectedConvCpltCallback)
    HAL_ADC_ConfigChannel                    0x0800a539   Thumb Code   386  stm32f4xx_hal_adc.o(i.HAL_ADC_ConfigChannel)
    HAL_ADC_ConvCpltCallback                 0x0800a6cd   Thumb Code     2  power.o(i.HAL_ADC_ConvCpltCallback)
    HAL_ADC_ErrorCallback                    0x0800a6cf   Thumb Code     2  stm32f4xx_hal_adc.o(i.HAL_ADC_ErrorCallback)
    HAL_ADC_GetState                         0x0800a6d1   Thumb Code     6  stm32f4xx_hal_adc.o(i.HAL_ADC_GetState)
    HAL_ADC_GetValue                         0x0800a6d7   Thumb Code     8  stm32f4xx_hal_adc.o(i.HAL_ADC_GetValue)
    HAL_ADC_IRQHandler                       0x0800a6df   Thumb Code   372  stm32f4xx_hal_adc.o(i.HAL_ADC_IRQHandler)
    HAL_ADC_Init                             0x0800a855   Thumb Code   100  stm32f4xx_hal_adc.o(i.HAL_ADC_Init)
    HAL_ADC_LevelOutOfWindowCallback         0x0800a8bd   Thumb Code     2  stm32f4xx_hal_adc.o(i.HAL_ADC_LevelOutOfWindowCallback)
    HAL_ADC_MspInit                          0x0800a8c1   Thumb Code    86  adc.o(i.HAL_ADC_MspInit)
    HAL_ADC_PollForConversion                0x0800a925   Thumb Code   186  stm32f4xx_hal_adc.o(i.HAL_ADC_PollForConversion)
    HAL_ADC_Start                            0x0800a9e1   Thumb Code   236  stm32f4xx_hal_adc.o(i.HAL_ADC_Start)
    HAL_ADC_Stop                             0x0800aadd   Thumb Code    72  stm32f4xx_hal_adc.o(i.HAL_ADC_Stop)
    HAL_Delay                                0x0800ab25   Thumb Code    26  stm32f4xx_hal.o(i.HAL_Delay)
    HAL_FLASHEx_Erase                        0x0800ab41   Thumb Code   164  stm32f4xx_hal_flash_ex.o(i.HAL_FLASHEx_Erase)
    HAL_FLASH_Lock                           0x0800abed   Thumb Code    16  stm32f4xx_hal_flash.o(i.HAL_FLASH_Lock)
    HAL_FLASH_Program                        0x0800ac01   Thumb Code   142  stm32f4xx_hal_flash.o(i.HAL_FLASH_Program)
    HAL_FLASH_Unlock                         0x0800ac99   Thumb Code    32  stm32f4xx_hal_flash.o(i.HAL_FLASH_Unlock)
    HAL_GPIO_DeInit                          0x0800acc5   Thumb Code   282  stm32f4xx_hal_gpio.o(i.HAL_GPIO_DeInit)
    HAL_GPIO_EXTI_Callback                   0x0800adfd   Thumb Code    92  gpio.o(i.HAL_GPIO_EXTI_Callback)
    HAL_GPIO_EXTI_IRQHandler                 0x0800ae91   Thumb Code    24  stm32f4xx_hal_gpio.o(i.HAL_GPIO_EXTI_IRQHandler)
    HAL_GPIO_Init                            0x0800aead   Thumb Code   436  stm32f4xx_hal_gpio.o(i.HAL_GPIO_Init)
    HAL_GPIO_ReadPin                         0x0800b081   Thumb Code    16  stm32f4xx_hal_gpio.o(i.HAL_GPIO_ReadPin)
    HAL_GPIO_WritePin                        0x0800b091   Thumb Code    12  stm32f4xx_hal_gpio.o(i.HAL_GPIO_WritePin)
    HAL_GetTick                              0x0800b09d   Thumb Code     6  stm32f4xx_hal.o(i.HAL_GetTick)
    HAL_I2C_GetError                         0x0800b0a9   Thumb Code     6  stm32f4xx_hal_i2c.o(i.HAL_I2C_GetError)
    HAL_I2C_Init                             0x0800b0b1   Thumb Code   286  stm32f4xx_hal_i2c.o(i.HAL_I2C_Init)
    HAL_I2C_Master_Receive                   0x0800b1d9   Thumb Code   618  stm32f4xx_hal_i2c.o(i.HAL_I2C_Master_Receive)
    HAL_I2C_Master_Transmit                  0x0800b451   Thumb Code   320  stm32f4xx_hal_i2c.o(i.HAL_I2C_Master_Transmit)
    HAL_I2C_MspInit                          0x0800b599   Thumb Code   176  i2c.o(i.HAL_I2C_MspInit)
    HAL_IncTick                              0x0800b659   Thumb Code    12  stm32f4xx_hal.o(i.HAL_IncTick)
    HAL_Init                                 0x0800b669   Thumb Code    54  stm32f4xx_hal.o(i.HAL_Init)
    HAL_InitTick                             0x0800b6a5   Thumb Code    36  stm32f4xx_hal.o(i.HAL_InitTick)
    HAL_MspInit                              0x0800b6c9   Thumb Code    20  stm32f4xx_hal_msp.o(i.HAL_MspInit)
    HAL_NVIC_EnableIRQ                       0x0800b6dd   Thumb Code    26  stm32f4xx_hal_cortex.o(i.HAL_NVIC_EnableIRQ)
    HAL_NVIC_SetPriority                     0x0800b6f7   Thumb Code   124  stm32f4xx_hal_cortex.o(i.HAL_NVIC_SetPriority)
    HAL_NVIC_SetPriorityGrouping             0x0800b775   Thumb Code    32  stm32f4xx_hal_cortex.o(i.HAL_NVIC_SetPriorityGrouping)
    HAL_NVIC_SystemReset                     0x0800b79d   Thumb Code    60  stm32f4xx_hal_cortex.o(i.HAL_NVIC_SystemReset)
    HAL_PWREx_EnableFlashPowerDown           0x0800b7e1   Thumb Code    20  stm32f4xx_hal_pwr_ex.o(i.HAL_PWREx_EnableFlashPowerDown)
    HAL_PWR_EnableBkUpAccess                 0x0800b7f9   Thumb Code    20  stm32f4xx_hal_pwr.o(i.HAL_PWR_EnableBkUpAccess)
    HAL_RCCEx_PeriphCLKConfig                0x0800b811   Thumb Code   408  stm32f4xx_hal_rcc_ex.o(i.HAL_RCCEx_PeriphCLKConfig)
    HAL_RCC_ClockConfig                      0x0800b9bd   Thumb Code   412  stm32f4xx_hal_rcc.o(i.HAL_RCC_ClockConfig)
    HAL_RCC_GetHCLKFreq                      0x0800bb61   Thumb Code    42  stm32f4xx_hal_rcc.o(i.HAL_RCC_GetHCLKFreq)
    HAL_RCC_GetPCLK1Freq                     0x0800bb99   Thumb Code    36  stm32f4xx_hal_rcc.o(i.HAL_RCC_GetPCLK1Freq)
    HAL_RCC_GetPCLK2Freq                     0x0800bbc5   Thumb Code    36  stm32f4xx_hal_rcc.o(i.HAL_RCC_GetPCLK2Freq)
    HAL_RCC_GetSysClockFreq                  0x0800bbf1   Thumb Code   168  stm32f4xx_hal_rcc.o(i.HAL_RCC_GetSysClockFreq)
    HAL_RCC_OscConfig                        0x0800bca5   Thumb Code   906  stm32f4xx_hal_rcc.o(i.HAL_RCC_OscConfig)
    HAL_RTCEx_AlarmBEventCallback            0x0800c041   Thumb Code     2  stm32f4xx_hal_rtc_ex.o(i.HAL_RTCEx_AlarmBEventCallback)
    HAL_RTCEx_BKUPRead                       0x0800c043   Thumb Code    18  stm32f4xx_hal_rtc_ex.o(i.HAL_RTCEx_BKUPRead)
    HAL_RTCEx_BKUPWrite                      0x0800c055   Thumb Code    18  stm32f4xx_hal_rtc_ex.o(i.HAL_RTCEx_BKUPWrite)
    HAL_RTCEx_DeactivateWakeUpTimer          0x0800c067   Thumb Code   152  stm32f4xx_hal_rtc_ex.o(i.HAL_RTCEx_DeactivateWakeUpTimer)
    HAL_RTCEx_SetWakeUpTimer_IT              0x0800c101   Thumb Code   294  stm32f4xx_hal_rtc_ex.o(i.HAL_RTCEx_SetWakeUpTimer_IT)
    HAL_RTCEx_WakeUpTimerEventCallback       0x0800c22d   Thumb Code    18  eric_rtc.o(i.HAL_RTCEx_WakeUpTimerEventCallback)
    HAL_RTCEx_WakeUpTimerIRQHandler          0x0800c245   Thumb Code    60  stm32f4xx_hal_rtc_ex.o(i.HAL_RTCEx_WakeUpTimerIRQHandler)
    HAL_RTC_AlarmAEventCallback              0x0800c285   Thumb Code    24  eric_rtc.o(i.HAL_RTC_AlarmAEventCallback)
    HAL_RTC_AlarmIRQHandler                  0x0800c2a9   Thumb Code   102  stm32f4xx_hal_rtc.o(i.HAL_RTC_AlarmIRQHandler)
    HAL_RTC_DeactivateAlarm                  0x0800c315   Thumb Code   244  stm32f4xx_hal_rtc.o(i.HAL_RTC_DeactivateAlarm)
    HAL_RTC_GetDate                          0x0800c409   Thumb Code    72  stm32f4xx_hal_rtc.o(i.HAL_RTC_GetDate)
    HAL_RTC_GetState                         0x0800c455   Thumb Code     6  stm32f4xx_hal_rtc.o(i.HAL_RTC_GetState)
    HAL_RTC_GetTime                          0x0800c45d   Thumb Code    92  stm32f4xx_hal_rtc.o(i.HAL_RTC_GetTime)
    HAL_RTC_Init                             0x0800c4bd   Thumb Code   176  stm32f4xx_hal_rtc.o(i.HAL_RTC_Init)
    HAL_RTC_MspInit                          0x0800c571   Thumb Code    52  rtc_1.o(i.HAL_RTC_MspInit)
    HAL_RTC_SetAlarm_IT                      0x0800c5ad   Thumb Code   548  stm32f4xx_hal_rtc.o(i.HAL_RTC_SetAlarm_IT)
    HAL_RTC_SetDate                          0x0800c7d5   Thumb Code   270  stm32f4xx_hal_rtc.o(i.HAL_RTC_SetDate)
    HAL_RTC_SetTime                          0x0800c8e9   Thumb Code   304  stm32f4xx_hal_rtc.o(i.HAL_RTC_SetTime)
    HAL_RTC_WaitForSynchro                   0x0800ca1d   Thumb Code    58  stm32f4xx_hal_rtc.o(i.HAL_RTC_WaitForSynchro)
    HAL_SPI_DeInit                           0x0800ca57   Thumb Code    54  stm32f4xx_hal_spi.o(i.HAL_SPI_DeInit)
    HAL_SPI_Init                             0x0800ca8d   Thumb Code   160  stm32f4xx_hal_spi.o(i.HAL_SPI_Init)
    HAL_SPI_MspDeInit                        0x0800cb2d   Thumb Code    42  spi.o(i.HAL_SPI_MspDeInit)
    HAL_SPI_MspInit                          0x0800cb69   Thumb Code   106  spi.o(i.HAL_SPI_MspInit)
    HAL_SPI_Receive                          0x0800cbe5   Thumb Code   552  stm32f4xx_hal_spi.o(i.HAL_SPI_Receive)
    HAL_SPI_Transmit                         0x0800ce0d   Thumb Code   406  stm32f4xx_hal_spi.o(i.HAL_SPI_Transmit)
    HAL_SPI_TransmitReceive                  0x0800cfa3   Thumb Code   576  stm32f4xx_hal_spi.o(i.HAL_SPI_TransmitReceive)
    HAL_SYSTICK_CLKSourceConfig              0x0800d1e3   Thumb Code    40  stm32f4xx_hal_cortex.o(i.HAL_SYSTICK_CLKSourceConfig)
    HAL_SYSTICK_Config                       0x0800d20b   Thumb Code    52  stm32f4xx_hal_cortex.o(i.HAL_SYSTICK_Config)
    HAL_TIMEx_MasterConfigSynchronization    0x0800d23f   Thumb Code    98  stm32f4xx_hal_tim_ex.o(i.HAL_TIMEx_MasterConfigSynchronization)
    HAL_TIM_MspPostInit                      0x0800d2a1   Thumb Code    44  tim.o(i.HAL_TIM_MspPostInit)
    HAL_TIM_PWM_ConfigChannel                0x0800d2d5   Thumb Code   264  stm32f4xx_hal_tim.o(i.HAL_TIM_PWM_ConfigChannel)
    HAL_TIM_PWM_Init                         0x0800d3dd   Thumb Code    52  stm32f4xx_hal_tim.o(i.HAL_TIM_PWM_Init)
    HAL_TIM_PWM_MspInit                      0x0800d411   Thumb Code    44  tim.o(i.HAL_TIM_PWM_MspInit)
    HAL_UART_ErrorCallback                   0x0800d445   Thumb Code     2  stm32f4xx_hal_uart.o(i.HAL_UART_ErrorCallback)
    HAL_UART_IRQHandler                      0x0800d447   Thumb Code   308  stm32f4xx_hal_uart.o(i.HAL_UART_IRQHandler)
    HAL_UART_Init                            0x0800d57b   Thumb Code   114  stm32f4xx_hal_uart.o(i.HAL_UART_Init)
    HAL_UART_MspInit                         0x0800d5ed   Thumb Code    94  usart.o(i.HAL_UART_MspInit)
    HAL_UART_Receive_IT                      0x0800d659   Thumb Code   112  stm32f4xx_hal_uart.o(i.HAL_UART_Receive_IT)
    HAL_UART_RxCpltCallback                  0x0800d6c9   Thumb Code   260  usart.o(i.HAL_UART_RxCpltCallback)
    HAL_UART_Transmit                        0x0800d7e5   Thumb Code   196  stm32f4xx_hal_uart.o(i.HAL_UART_Transmit)
    HAL_UART_TxCpltCallback                  0x0800d8a9   Thumb Code     2  stm32f4xx_hal_uart.o(i.HAL_UART_TxCpltCallback)
    Info_Handler                             0x0800de7d   Thumb Code    16  freertos.o(i.Info_Handler)
    LIS2DS12_ACC_GYRO_Pedo_Callback          0x0800de99   Thumb Code    42  g-sensor.o(i.LIS2DS12_ACC_GYRO_Pedo_Callback)
    LIS2DS12_ACC_Get_Acceleration            0x0800dee1   Thumb Code   276  g-sensor.o(i.LIS2DS12_ACC_Get_Acceleration)
    LIS2DS12_ACC_Get_Raw_Acceleration        0x0800dff9   Thumb Code    64  g-sensor.o(i.LIS2DS12_ACC_Get_Raw_Acceleration)
    LIS2DS12_ACC_Get_StepCounter             0x0800e039   Thumb Code    64  g-sensor.o(i.LIS2DS12_ACC_Get_StepCounter)
    LIS2DS12_ACC_R_STEP_DETECT               0x0800e079   Thumb Code    30  g-sensor.o(i.LIS2DS12_ACC_R_STEP_DETECT)
    LIS2DS12_ACC_R_WHO_AM_I_BIT              0x0800e097   Thumb Code    30  g-sensor.o(i.LIS2DS12_ACC_R_WHO_AM_I_BIT)
    LIS2DS12_ACC_ReadReg                     0x0800e0b5   Thumb Code   100  g-sensor.o(i.LIS2DS12_ACC_ReadReg)
    LIS2DS12_ACC_W_BDU                       0x0800e14d   Thumb Code    56  g-sensor.o(i.LIS2DS12_ACC_W_BDU)
    LIS2DS12_ACC_W_FullScale                 0x0800e185   Thumb Code    56  g-sensor.o(i.LIS2DS12_ACC_W_FullScale)
    LIS2DS12_ACC_W_LIR                       0x0800e1bd   Thumb Code    56  g-sensor.o(i.LIS2DS12_ACC_W_LIR)
    LIS2DS12_ACC_W_ODR                       0x0800e1f5   Thumb Code    56  g-sensor.o(i.LIS2DS12_ACC_W_ODR)
    LIS2DS12_ACC_W_RST_NSTEP                 0x0800e22d   Thumb Code    56  g-sensor.o(i.LIS2DS12_ACC_W_RST_NSTEP)
    LIS2DS12_ACC_W_SOFT_RESET                0x0800e265   Thumb Code    56  g-sensor.o(i.LIS2DS12_ACC_W_SOFT_RESET)
    LIS2DS12_ACC_W_STEP_CNT_ON               0x0800e29d   Thumb Code    56  g-sensor.o(i.LIS2DS12_ACC_W_STEP_CNT_ON)
    LIS2DS12_ACC_WriteReg                    0x0800e2d5   Thumb Code    62  g-sensor.o(i.LIS2DS12_ACC_WriteReg)
    LIS2DS12_ACC_sample_Callback             0x0800e331   Thumb Code    12  g-sensor.o(i.LIS2DS12_ACC_sample_Callback)
    Loop_Test_Pedometer                      0x0800e33d   Thumb Code    14  g-sensor.o(i.Loop_Test_Pedometer)
    MX_ADC1_Init                             0x0800e34d   Thumb Code    66  adc.o(i.MX_ADC1_Init)
    MX_FREERTOS_Init                         0x0800e399   Thumb Code    30  freertos.o(i.MX_FREERTOS_Init)
    MX_GPIO_Init                             0x0800e3c1   Thumb Code   396  gpio.o(i.MX_GPIO_Init)
    MX_I2C1_Init                             0x0800e561   Thumb Code    42  i2c.o(i.MX_I2C1_Init)
    MX_I2C2_Init                             0x0800e599   Thumb Code    42  i2c.o(i.MX_I2C2_Init)
    MX_RTC_Init                              0x0800e5d1   Thumb Code   190  rtc_1.o(i.MX_RTC_Init)
    MX_SPI1_Init                             0x0800e699   Thumb Code    52  spi.o(i.MX_SPI1_Init)
    MX_TIM3_Init                             0x0800e6d5   Thumb Code    78  tim.o(i.MX_TIM3_Init)
    MX_USART2_UART_Init                      0x0800e72d   Thumb Code    40  usart.o(i.MX_USART2_UART_Init)
    PostSleepProcessing                      0x0800e795   Thumb Code   138  freertos.o(i.PostSleepProcessing)
    PreSleepProcessing                       0x0800e82d   Thumb Code    92  freertos.o(i.PreSleepProcessing)
    RTC_AlarmConfig                          0x0800e899   Thumb Code    72  eric_rtc.o(i.RTC_AlarmConfig)
    RTC_Alarm_IRQHandler                     0x0800e8e9   Thumb Code    10  stm32f4xx_it.o(i.RTC_Alarm_IRQHandler)
    RTC_Bcd2ToByte                           0x0800e8f9   Thumb Code    22  stm32f4xx_hal_rtc.o(i.RTC_Bcd2ToByte)
    RTC_ByteToBcd2                           0x0800e90f   Thumb Code    26  stm32f4xx_hal_rtc.o(i.RTC_ByteToBcd2)
    RTC_EnterInitMode                        0x0800e929   Thumb Code    62  stm32f4xx_hal_rtc.o(i.RTC_EnterInitMode)
    RTC_Read_datetime                        0x0800e969   Thumb Code   148  eric_rtc.o(i.RTC_Read_datetime)
    RTC_Set_datetime                         0x0800ea09   Thumb Code   142  eric_rtc.o(i.RTC_Set_datetime)
    RTC_WKUP_IRQHandler                      0x0800eac5   Thumb Code    10  stm32f4xx_it.o(i.RTC_WKUP_IRQHandler)
    SEGGER_RTT_Init                          0x0800ead5   Thumb Code     8  segger_rtt.o(i.SEGGER_RTT_Init)
    SEGGER_RTT_Write                         0x0800eadd   Thumb Code   364  segger_rtt.o(i.SEGGER_RTT_Write)
    SEGGER_RTT_printf                        0x0800ec4d   Thumb Code    26  segger_rtt_printf.o(i.SEGGER_RTT_printf)
    SEGGER_RTT_vprintf                       0x0800ec67   Thumb Code   504  segger_rtt_printf.o(i.SEGGER_RTT_vprintf)
    StartDefaultTask                         0x0800ef6d   Thumb Code   220  freertos.o(i.StartDefaultTask)
    SysTick_Handler                          0x0800f0ad   Thumb Code    12  stm32f4xx_it.o(i.SysTick_Handler)
    SystemClock_Config                       0x0800f0b9   Thumb Code   196  main.o(i.SystemClock_Config)
    SystemInit                               0x0800f185   Thumb Code    82  system_stm32f4xx.o(i.SystemInit)
    TIM_Base_SetConfig                       0x0800f1e9   Thumb Code   148  stm32f4xx_hal_tim.o(i.TIM_Base_SetConfig)
    TIM_OC2_SetConfig                        0x0800f2fd   Thumb Code   106  stm32f4xx_hal_tim.o(i.TIM_OC2_SetConfig)
    USART2_IRQHandler                        0x0800f9cd   Thumb Code    10  stm32f4xx_it.o(i.USART2_IRQHandler)
    _SetPowerOnPin                           0x0800fc41   Thumb Code    14  epd_tcon_hal_imp.o(i._SetPowerOnPin)
    __0sprintf                               0x0800fd79   Thumb Code    34  printfa.o(i.__0sprintf)
    __1sprintf                               0x0800fd79   Thumb Code     0  printfa.o(i.__0sprintf)
    __2sprintf                               0x0800fd79   Thumb Code     0  printfa.o(i.__0sprintf)
    __c89sprintf                             0x0800fd79   Thumb Code     0  printfa.o(i.__0sprintf)
    sprintf                                  0x0800fd79   Thumb Code     0  printfa.o(i.__0sprintf)
    __scatterload_copy                       0x0800fda1   Thumb Code    14  handlers.o(i.__scatterload_copy)
    __scatterload_null                       0x0800fdaf   Thumb Code     2  handlers.o(i.__scatterload_null)
    __scatterload_zeroinit                   0x0800fdb1   Thumb Code    14  handlers.o(i.__scatterload_zeroinit)
    check_sum                                0x0801065d   Thumb Code    26  comm.o(i.check_sum)
    eTaskConfirmSleepModeStatus              0x08010679   Thumb Code    44  tasks.o(i.eTaskConfirmSleepModeStatus)
    eric_sleep                               0x080106b5   Thumb Code    10  freertos.o(i.eric_sleep)
    eric_wakeup                              0x08010709   Thumb Code    10  freertos.o(i.eric_wakeup)
    flash_format                             0x08010839   Thumb Code   272  eric_flash.o(i.flash_format)
    flash_init                               0x08010995   Thumb Code    32  eric_flash.o(i.flash_init)
    flash_read                               0x080109bd   Thumb Code    28  eric_flash.o(i.flash_read)
    flash_write_movedata                     0x080109f1   Thumb Code   386  eric_flash.o(i.flash_write_movedata)
    flickLeft                                0x08010bb5   Thumb Code    14  touch.o(i.flickLeft)
    flickRight                               0x08010bd5   Thumb Code    14  touch.o(i.flickRight)
    func_DispTask                            0x08010bf5   Thumb Code   636  freertos.o(i.func_DispTask)
    func_buttonTask                          0x08010ee5   Thumb Code   220  freertos.o(i.func_buttonTask)
    func_sensorTask                          0x08010fe9   Thumb Code   206  freertos.o(i.func_sensorTask)
    func_touchTask                           0x080110f1   Thumb Code    90  freertos.o(i.func_touchTask)
    func_uartTask                            0x08011155   Thumb Code    28  freertos.o(i.func_uartTask)
    func_wakeTask                            0x08011171   Thumb Code    44  freertos.o(i.func_wakeTask)
    handleEvents                             0x080111a1   Thumb Code   152  touch.o(i.handleEvents)
    iqs263_init                              0x0801133d   Thumb Code    96  touch.o(i.iqs263_init)
    lcd_disp_battery                         0x08011409   Thumb Code    86  disp.o(i.lcd_disp_battery)
    lcd_disp_bmp                             0x08011461   Thumb Code   104  disp.o(i.lcd_disp_bmp)
    lcd_disp_clear                           0x080114d5   Thumb Code    22  disp.o(i.lcd_disp_clear)
    lcd_disp_date                            0x080114ed   Thumb Code   270  disp.o(i.lcd_disp_date)
    lcd_disp_font                            0x08011609   Thumb Code   274  disp.o(i.lcd_disp_font)
    lcd_disp_number                          0x08011731   Thumb Code   158  disp.o(i.lcd_disp_number)
    lcd_disp_time                            0x080117d9   Thumb Code   176  disp.o(i.lcd_disp_time)
    lcd_display_on                           0x0801188d   Thumb Code    20  disp.o(i.lcd_display_on)
    lcd_display_update                       0x080118a1   Thumb Code    12  disp.o(i.lcd_display_update)
    lcd_init                                 0x080118ad   Thumb Code    64  disp.o(i.lcd_init)
    lis2ds12_init                            0x08011983   Thumb Code    30  g-sensor.o(i.lis2ds12_init)
    main                                     0x080119a1   Thumb Code    62  main.o(i.main)
    osDelay                                  0x080119f7   Thumb Code    24  cmsis_os.o(i.osDelay)
    osKernelStart                            0x08011a0f   Thumb Code    10  cmsis_os.o(i.osKernelStart)
    osMutexCreate                            0x08011a19   Thumb Code    12  cmsis_os.o(i.osMutexCreate)
    osMutexRelease                           0x08011a25   Thumb Code    76  cmsis_os.o(i.osMutexRelease)
    osMutexWait                              0x08011a75   Thumb Code   104  cmsis_os.o(i.osMutexWait)
    osSignalSet                              0x08011ae1   Thumb Code    82  cmsis_os.o(i.osSignalSet)
    osSignalWait                             0x08011b39   Thumb Code   100  cmsis_os.o(i.osSignalWait)
    osSystickHandler                         0x08011b9d   Thumb Code    16  cmsis_os.o(i.osSystickHandler)
    osThreadCreate                           0x08011bad   Thumb Code    58  cmsis_os.o(i.osThreadCreate)
    osThreadResumeAll                        0x08011be7   Thumb Code    18  cmsis_os.o(i.osThreadResumeAll)
    osThreadSuspendAll                       0x08011bf9   Thumb Code    10  cmsis_os.o(i.osThreadSuspendAll)
    osThreadTerminate                        0x08011c03   Thumb Code    14  cmsis_os.o(i.osThreadTerminate)
    phone_nitofy_data                        0x08011c11   Thumb Code    22  comm.o(i.phone_nitofy_data)
    pvPortMalloc                             0x0801216d   Thumb Code   296  heap_4.o(i.pvPortMalloc)
    pvTaskIncrementMutexHeldCount            0x080122a9   Thumb Code    26  tasks.o(i.pvTaskIncrementMutexHeldCount)
    pxPortInitialiseStack                    0x080122c9   Thumb Code    34  port.o(i.pxPortInitialiseStack)
    read_batt                                0x080122f1   Thumb Code   170  power.o(i.read_batt)
    read_rtc_status                          0x080123b9   Thumb Code    16  eric_rtc.o(i.read_rtc_status)
    rece_dispatch                            0x080123cd   Thumb Code   366  comm.o(i.rece_dispatch)
    rtc_init                                 0x080125f9   Thumb Code    36  eric_rtc.o(i.rtc_init)
    rtc_wakeup                               0x08012625   Thumb Code    28  eric_rtc.o(i.rtc_wakeup)
    send_day_data                            0x08012645   Thumb Code   268  comm.o(i.send_day_data)
    send_message                             0x08012781   Thumb Code   112  freertos.o(i.send_message)
    send_mode                                0x0801280d   Thumb Code    54  comm.o(i.send_mode)
    send_sensor_data                         0x08012851   Thumb Code    94  comm.o(i.send_sensor_data)
    send_shakehand                           0x080128c9   Thumb Code    54  comm.o(i.send_shakehand)
    send_version_info                        0x08012905   Thumb Code    86  comm.o(i.send_version_info)
    tapEvent                                 0x0801296d   Thumb Code    14  touch.o(i.tapEvent)
    uart2_read                               0x0801298d   Thumb Code    30  usart.o(i.uart2_read)
    uart2_send                               0x080129cd   Thumb Code    22  usart.o(i.uart2_send)
    uxListRemove                             0x080129e9   Thumb Code    40  list.o(i.uxListRemove)
    vListInitialise                          0x08012a11   Thumb Code    26  list.o(i.vListInitialise)
    vListInitialiseItem                      0x08012a2b   Thumb Code     6  list.o(i.vListInitialiseItem)
    vListInsert                              0x08012a31   Thumb Code    52  list.o(i.vListInsert)
    vListInsertEnd                           0x08012a65   Thumb Code    24  list.o(i.vListInsertEnd)
    vPortEnterCritical                       0x08012a7d   Thumb Code    76  port.o(i.vPortEnterCritical)
    vPortExitCritical                        0x08012ad1   Thumb Code    56  port.o(i.vPortExitCritical)
    vPortFree                                0x08012b0d   Thumb Code   140  heap_4.o(i.vPortFree)
    vPortSetupTimerInterrupt                 0x08012ba1   Thumb Code    76  port.o(i.vPortSetupTimerInterrupt)
    vPortSuppressTicksAndSleep               0x08012bfd   Thumb Code   328  port.o(i.vPortSuppressTicksAndSleep)
    vPortValidateInterruptPriority           0x08012d51   Thumb Code   106  port.o(i.vPortValidateInterruptPriority)
    vTaskDelay                               0x08012dc9   Thumb Code   120  tasks.o(i.vTaskDelay)
    vTaskDelete                              0x08012e55   Thumb Code   186  tasks.o(i.vTaskDelete)
    vTaskMissedYield                         0x08012f35   Thumb Code     8  tasks.o(i.vTaskMissedYield)
    vTaskPlaceOnEventList                    0x08012f41   Thumb Code   108  tasks.o(i.vTaskPlaceOnEventList)
    vTaskPriorityInherit                     0x08012fbd   Thumb Code   164  tasks.o(i.vTaskPriorityInherit)
    vTaskSetTimeOutState                     0x0801306d   Thumb Code    38  tasks.o(i.vTaskSetTimeOutState)
    vTaskStartScheduler                      0x0801309d   Thumb Code    92  tasks.o(i.vTaskStartScheduler)
    vTaskStepTick                            0x0801310d   Thumb Code    56  tasks.o(i.vTaskStepTick)
    vTaskSuspendAll                          0x0801314d   Thumb Code    12  tasks.o(i.vTaskSuspendAll)
    vTaskSwitchContext                       0x0801315d   Thumb Code   118  tasks.o(i.vTaskSwitchContext)
    xPortStartScheduler                      0x080131e9   Thumb Code   288  port.o(i.xPortStartScheduler)
    xPortSysTickHandler                      0x08013325   Thumb Code    48  port.o(i.xPortSysTickHandler)
    xQueueCreateMutex                        0x08013359   Thumb Code   100  queue.o(i.xQueueCreateMutex)
    xQueueGenericReceive                     0x080133bd   Thumb Code   424  queue.o(i.xQueueGenericReceive)
    xQueueGenericSend                        0x08013569   Thumb Code   412  queue.o(i.xQueueGenericSend)
    xQueueGiveFromISR                        0x08013709   Thumb Code   214  queue.o(i.xQueueGiveFromISR)
    xQueueReceiveFromISR                     0x080137df   Thumb Code   188  queue.o(i.xQueueReceiveFromISR)
    xTaskCheckForTimeOut                     0x0801389d   Thumb Code   132  tasks.o(i.xTaskCheckForTimeOut)
    xTaskGenericCreate                       0x08013929   Thumb Code   340  tasks.o(i.xTaskGenericCreate)
    xTaskGenericNotify                       0x08013a99   Thumb Code   242  tasks.o(i.xTaskGenericNotify)
    xTaskGetSchedulerState                   0x08013b9d   Thumb Code    24  tasks.o(i.xTaskGetSchedulerState)
    xTaskIncrementTick                       0x08013bbd   Thumb Code   286  tasks.o(i.xTaskIncrementTick)
    xTaskNotifyFromISR                       0x08013d09   Thumb Code   274  tasks.o(i.xTaskNotifyFromISR)
    xTaskNotifyWait                          0x08013e31   Thumb Code   208  tasks.o(i.xTaskNotifyWait)
    xTaskPriorityDisinherit                  0x08013f15   Thumb Code   188  tasks.o(i.xTaskPriorityDisinherit)
    xTaskRemoveFromEventList                 0x08013fdd   Thumb Code   132  tasks.o(i.xTaskRemoveFromEventList)
    xTaskResumeAll                           0x08014079   Thumb Code   224  tasks.o(i.xTaskResumeAll)
    LIS2DS12_ACC_Sensitivity_List            0x08014208   Data          96  g-sensor.o(.constdata)
    g_TCON_HAL                               0x08014278   Data          64  epd_tcon_hal_imp.o(.constdata)
    g_WaveformData                           0x080142b8   Data       74472  waveformdata.o(.constdata)
    APBAHBPrescTable                         0x080265a0   Data          16  stm32f4xx_hal_rcc.o(.constdata)
    Region$$Table$$Base                      0x080267f0   Number         0  anon$$obj.o(Region$$Table)
    Region$$Table$$Limit                     0x08026810   Number         0  anon$$obj.o(Region$$Table)
    defaultTaskHandle                        0x20000004   Data           4  freertos.o(.data)
    Lcd_disp_TaskHandle                      0x20000008   Data           4  freertos.o(.data)
    touch_TaskHandle                         0x2000000c   Data           4  freertos.o(.data)
    sensor_TaskHandle                        0x20000010   Data           4  freertos.o(.data)
    uart_TaskHandle                          0x20000014   Data           4  freertos.o(.data)
    button_TaskHandle                        0x20000018   Data           4  freertos.o(.data)
    wake_TaskHandle                          0x2000001c   Data           4  freertos.o(.data)
    init_finish                              0x20000020   Data           1  freertos.o(.data)
    sensor_flag                              0x20000021   Data           1  freertos.o(.data)
    current_mode                             0x20000022   Data           1  freertos.o(.data)
    batt_status                              0x20000023   Data           1  freertos.o(.data)
    disp_sort                                0x20000024   Data           1  freertos.o(.data)
    rtc_flag                                 0x20000025   Data           1  freertos.o(.data)
    disp_flag                                0x20000026   Data           1  freertos.o(.data)
    button_flag                              0x20000027   Data           1  freertos.o(.data)
    set_mode_flag                            0x20000028   Data           1  freertos.o(.data)
    bat_upload                               0x200000b8   Data           1  comm.o(.data)
    number22                                 0x200000bc   Data         638  disp.o(.data)
    f_time                                   0x2000033a   Data        4000  disp.o(.data)
    f_step                                   0x200012da   Data         232  disp.o(.data)
    f_distance                               0x200013c2   Data         232  disp.o(.data)
    f_date                                   0x200014aa   Data        1044  disp.o(.data)
    f_cal                                    0x200018be   Data         348  disp.o(.data)
    f_hrs_rate                               0x20001a1a   Data         232  disp.o(.data)
    b_step                                   0x20001b02   Data         450  disp.o(.data)
    b_consume                                0x20001cc4   Data         532  disp.o(.data)
    b_hrs_rate                               0x20001ed8   Data         730  disp.o(.data)
    f_meter                                  0x200021b2   Data          72  disp.o(.data)
    b_notify                                 0x200021fa   Data         288  disp.o(.data)
    curr_index                               0x20002334   Data           1  eric_flash.o(.data)
    flash_mutex                              0x20002338   Data           4  eric_flash.o(.data)
    current_datetime                         0x20002340   Data           7  eric_rtc.o(.data)
    uwTick                                   0x20002348   Data           4  stm32f4xx_hal.o(.data)
    SystemCoreClock                          0x2000234c   Data           4  system_stm32f4xx.o(.data)
    pxCurrentTCB                             0x20002350   Data           4  tasks.o(.data)
    htim3                                    0x200023c0   Data          60  tim.o(.bss)
    hadc1                                    0x200023fc   Data          72  adc.o(.bss)
    hi2c1                                    0x20002444   Data          68  i2c.o(.bss)
    hi2c2                                    0x20002488   Data          68  i2c.o(.bss)
    buffer                                   0x200024cc   Data          32  usart.o(.bss)
    huart2                                   0x200024ec   Data          64  usart.o(.bss)
    current_sensor_data                      0x2000252c   Data          12  freertos.o(.bss)
    hspi1                                    0x20002538   Data          88  spi.o(.bss)
    hrtc                                     0x20002590   Data          32  rtc_1.o(.bss)
    sys_para                                 0x20002b74   Data          12  eric_flash.o(.bss)
    data_header                              0x20002b80   Data         112  eric_flash.o(.bss)
    pFlash                                   0x20002c18   Data          32  stm32f4xx_hal_flash.o(.bss)
    __initial_sp                             0x200100e8   Data           0  startup_stm32f401xe.o(STACK)



==============================================================================

Memory Map of the image

  Image Entry point : 0x08008195

  Load Region LR_IROM1 (Base: 0x08008000, Size: 0x00020bd0, Max: 0x00038000, ABSOLUTE, COMPRESSED[0x0001f6a0])

    Execution Region ER_IROM1 (Base: 0x08008000, Size: 0x0001e810, Max: 0x00038000, ABSOLUTE)

    Base Addr    Size         Type   Attr      Idx    E Section Name        Object

    0x08008000   0x00000194   Data   RO         2959    RESET               startup_stm32f401xe.o
    0x08008194   0x00000000   Code   RO         7706  * .ARM.Collect$$$$00000000  mc_w.l(entry.o)
    0x08008194   0x00000004   Code   RO         7988    .ARM.Collect$$$$00000001  mc_w.l(entry2.o)
    0x08008198   0x00000004   Code   RO         7991    .ARM.Collect$$$$00000004  mc_w.l(entry5.o)
    0x0800819c   0x00000000   Code   RO         7993    .ARM.Collect$$$$00000008  mc_w.l(entry7b.o)
    0x0800819c   0x00000000   Code   RO         7995    .ARM.Collect$$$$0000000A  mc_w.l(entry8b.o)
    0x0800819c   0x00000008   Code   RO         7996    .ARM.Collect$$$$0000000B  mc_w.l(entry9a.o)
    0x080081a4   0x00000000   Code   RO         7998    .ARM.Collect$$$$0000000D  mc_w.l(entry10a.o)
    0x080081a4   0x00000000   Code   RO         8000    .ARM.Collect$$$$0000000F  mc_w.l(entry11a.o)
    0x080081a4   0x00000004   Code   RO         7989    .ARM.Collect$$$$00002712  mc_w.l(entry2.o)
    0x080081a8   0x000000ba   Code   RO         7393    .emb_text           port.o
    0x08008262   0x00000002   PAD
    0x08008264   0x00000024   Code   RO         2960    .text               startup_stm32f401xe.o
    0x08008288   0x00000972   Code   RO         7694    .text               SWTCON2_Cortex-M4.lib(epd_tcon.o)
    0x08008bfa   0x00000002   PAD
    0x08008bfc   0x00000734   Code   RO         7698    .text               SWTCON2_Cortex-M4.lib(epd_driver.o)
    0x08009330   0x0000018c   Code   RO         7703    .text               SWTCON2_Cortex-M4.lib(epd_waveform.o)
    0x080094bc   0x00000062   Code   RO         7709    .text               mc_w.l(ldiv.o)
    0x0800951e   0x00000040   Code   RO         7713    .text               mc_w.l(memmovea.o)
    0x0800955e   0x00000024   Code   RO         7715    .text               mc_w.l(memseta.o)
    0x08009582   0x0000000e   Code   RO         7717    .text               mc_w.l(strlen.o)
    0x08009590   0x000000e4   Code   RO         7984    .text               mf_w.l(dmul.o)
    0x08009674   0x00000026   Code   RO         7986    .text               mf_w.l(f2d.o)
    0x0800969a   0x0000002c   Code   RO         8005    .text               mc_w.l(uidiv.o)
    0x080096c6   0x00000062   Code   RO         8007    .text               mc_w.l(uldiv.o)
    0x08009728   0x00000000   Code   RO         8009    .text               mc_w.l(iusefp.o)
    0x08009728   0x000000ba   Code   RO         8010    .text               mf_w.l(depilogue.o)
    0x080097e2   0x0000014e   Code   RO         8012    .text               mf_w.l(dadd.o)
    0x08009930   0x000000de   Code   RO         8014    .text               mf_w.l(ddiv.o)
    0x08009a0e   0x00000030   Code   RO         8016    .text               mf_w.l(dfixul.o)
    0x08009a3e   0x00000002   PAD
    0x08009a40   0x00000030   Code   RO         8018    .text               mf_w.l(cdrcmple.o)
    0x08009a70   0x00000024   Code   RO         8020    .text               mc_w.l(init.o)
    0x08009a94   0x0000001e   Code   RO         8023    .text               mc_w.l(llshl.o)
    0x08009ab2   0x00000020   Code   RO         8025    .text               mc_w.l(llushr.o)
    0x08009ad2   0x00000024   Code   RO         8027    .text               mc_w.l(llsshr.o)
    0x08009af6   0x00000056   Code   RO         8038    .text               mc_w.l(__dczerorl2.o)
    0x08009b4c   0x00000010   Code   RO          166    i.ADC_IRQHandler    stm32f4xx_it.o
    0x08009b5c   0x00000178   Code   RO         5274    i.ADC_Init          stm32f4xx_hal_adc.o
    0x08009cd4   0x00000062   Code   RO         2880    i.CaculateWeekDay   eric_rtc.o
    0x08009d36   0x0000000a   Code   RO          167    i.EXTI0_IRQHandler  stm32f4xx_it.o
    0x08009d40   0x00000014   Code   RO          168    i.EXTI15_10_IRQHandler  stm32f4xx_it.o
    0x08009d54   0x0000000a   Code   RO          169    i.EXTI1_IRQHandler  stm32f4xx_it.o
    0x08009d5e   0x0000000c   Code   RO          170    i.EXTI9_5_IRQHandler  stm32f4xx_it.o
    0x08009d6a   0x00000002   PAD
    0x08009d6c   0x0000001c   Code   RO          525    i.Error_Handler     freertos.o
    0x08009d88   0x00000068   Code   RO         4109    i.FLASH_Erase_Sector  stm32f4xx_hal_flash_ex.o
    0x08009df0   0x00000078   Code   RO         4110    i.FLASH_FlushCaches  stm32f4xx_hal_flash_ex.o
    0x08009e68   0x00000030   Code   RO         4111    i.FLASH_MassErase   stm32f4xx_hal_flash_ex.o
    0x08009e98   0x00000024   Code   RO         2967    i.FLASH_Program_Byte  stm32f4xx_hal_flash.o
    0x08009ebc   0x0000002c   Code   RO         2968    i.FLASH_Program_DoubleWord  stm32f4xx_hal_flash.o
    0x08009ee8   0x00000028   Code   RO         2969    i.FLASH_Program_HalfWord  stm32f4xx_hal_flash.o
    0x08009f10   0x00000028   Code   RO         2970    i.FLASH_Program_Word  stm32f4xx_hal_flash.o
    0x08009f38   0x000000b4   Code   RO         2971    i.FLASH_SetErrorCode  stm32f4xx_hal_flash.o
    0x08009fec   0x00000070   Code   RO         2972    i.FLASH_WaitForLastOperation  stm32f4xx_hal_flash.o
    0x0800a05c   0x0000019c   Code   RO         2639    i.GR_DrawHLine      graphics_2bpp.o
    0x0800a1f8   0x00000068   Code   RO         2763    i.GR_DrawPixel      graphics_2bpp.o
    0x0800a260   0x000000b8   Code   RO         2641    i.GR_DrawRectangle  graphics_2bpp.o
    0x0800a318   0x0000008c   Code   RO         2644    i.GR_DrawVLine      graphics_2bpp.o
    0x0800a3a4   0x000000a0   Code   RO         2645    i.GR_FillRectangle  graphics_2bpp.o
    0x0800a444   0x00000058   Code   RO         2648    i.GR_Initial        graphics_2bpp.o
    0x0800a49c   0x00000098   Code   RO         2785    i.GetSector         eric_flash.o
    0x0800a534   0x00000002   Code   RO         3990    i.HAL_ADCEx_InjectedConvCpltCallback  stm32f4xx_hal_adc_ex.o
    0x0800a536   0x00000002   PAD
    0x0800a538   0x00000194   Code   RO         5276    i.HAL_ADC_ConfigChannel  stm32f4xx_hal_adc.o
    0x0800a6cc   0x00000002   Code   RO         2137    i.HAL_ADC_ConvCpltCallback  power.o
    0x0800a6ce   0x00000002   Code   RO         5280    i.HAL_ADC_ErrorCallback  stm32f4xx_hal_adc.o
    0x0800a6d0   0x00000006   Code   RO         5282    i.HAL_ADC_GetState  stm32f4xx_hal_adc.o
    0x0800a6d6   0x00000008   Code   RO         5283    i.HAL_ADC_GetValue  stm32f4xx_hal_adc.o
    0x0800a6de   0x00000174   Code   RO         5284    i.HAL_ADC_IRQHandler  stm32f4xx_hal_adc.o
    0x0800a852   0x00000002   PAD
    0x0800a854   0x00000068   Code   RO         5285    i.HAL_ADC_Init      stm32f4xx_hal_adc.o
    0x0800a8bc   0x00000002   Code   RO         5286    i.HAL_ADC_LevelOutOfWindowCallback  stm32f4xx_hal_adc.o
    0x0800a8be   0x00000002   PAD
    0x0800a8c0   0x00000064   Code   RO          288    i.HAL_ADC_MspInit   adc.o
    0x0800a924   0x000000ba   Code   RO         5289    i.HAL_ADC_PollForConversion  stm32f4xx_hal_adc.o
    0x0800a9de   0x00000002   PAD
    0x0800a9e0   0x000000fc   Code   RO         5291    i.HAL_ADC_Start     stm32f4xx_hal_adc.o
    0x0800aadc   0x00000048   Code   RO         5294    i.HAL_ADC_Stop      stm32f4xx_hal_adc.o
    0x0800ab24   0x0000001a   Code   RO         3230    i.HAL_Delay         stm32f4xx_hal.o
    0x0800ab3e   0x00000002   PAD
    0x0800ab40   0x000000ac   Code   RO         4125    i.HAL_FLASHEx_Erase  stm32f4xx_hal_flash_ex.o
    0x0800abec   0x00000014   Code   RO         2976    i.HAL_FLASH_Lock    stm32f4xx_hal_flash.o
    0x0800ac00   0x00000098   Code   RO         2981    i.HAL_FLASH_Program  stm32f4xx_hal_flash.o
    0x0800ac98   0x0000002c   Code   RO         2983    i.HAL_FLASH_Unlock  stm32f4xx_hal_flash.o
    0x0800acc4   0x00000138   Code   RO         5783    i.HAL_GPIO_DeInit   stm32f4xx_hal_gpio.o
    0x0800adfc   0x00000094   Code   RO          344    i.HAL_GPIO_EXTI_Callback  gpio.o
    0x0800ae90   0x0000001c   Code   RO         5785    i.HAL_GPIO_EXTI_IRQHandler  stm32f4xx_hal_gpio.o
    0x0800aeac   0x000001d4   Code   RO         5786    i.HAL_GPIO_Init     stm32f4xx_hal_gpio.o
    0x0800b080   0x00000010   Code   RO         5788    i.HAL_GPIO_ReadPin  stm32f4xx_hal_gpio.o
    0x0800b090   0x0000000c   Code   RO         5790    i.HAL_GPIO_WritePin  stm32f4xx_hal_gpio.o
    0x0800b09c   0x0000000c   Code   RO         3236    i.HAL_GetTick       stm32f4xx_hal.o
    0x0800b0a8   0x00000006   Code   RO         5856    i.HAL_I2C_GetError  stm32f4xx_hal_i2c.o
    0x0800b0ae   0x00000002   PAD
    0x0800b0b0   0x00000128   Code   RO         5859    i.HAL_I2C_Init      stm32f4xx_hal_i2c.o
    0x0800b1d8   0x00000278   Code   RO         5865    i.HAL_I2C_Master_Receive  stm32f4xx_hal_i2c.o
    0x0800b450   0x00000148   Code   RO         5870    i.HAL_I2C_Master_Transmit  stm32f4xx_hal_i2c.o
    0x0800b598   0x000000c0   Code   RO          379    i.HAL_I2C_MspInit   i2c.o
    0x0800b658   0x00000010   Code   RO         3237    i.HAL_IncTick       stm32f4xx_hal.o
    0x0800b668   0x0000003c   Code   RO         3238    i.HAL_Init          stm32f4xx_hal.o
    0x0800b6a4   0x00000024   Code   RO         3239    i.HAL_InitTick      stm32f4xx_hal.o
    0x0800b6c8   0x00000014   Code   RO          502    i.HAL_MspInit       stm32f4xx_hal_msp.o
    0x0800b6dc   0x0000001a   Code   RO         6440    i.HAL_NVIC_EnableIRQ  stm32f4xx_hal_cortex.o
    0x0800b6f6   0x0000007c   Code   RO         6446    i.HAL_NVIC_SetPriority  stm32f4xx_hal_cortex.o
    0x0800b772   0x00000002   PAD
    0x0800b774   0x00000028   Code   RO         6447    i.HAL_NVIC_SetPriorityGrouping  stm32f4xx_hal_cortex.o
    0x0800b79c   0x00000044   Code   RO         6448    i.HAL_NVIC_SystemReset  stm32f4xx_hal_cortex.o
    0x0800b7e0   0x00000018   Code   RO         5483    i.HAL_PWREx_EnableFlashPowerDown  stm32f4xx_hal_pwr_ex.o
    0x0800b7f8   0x00000018   Code   RO         6324    i.HAL_PWR_EnableBkUpAccess  stm32f4xx_hal_pwr.o
    0x0800b810   0x000001ac   Code   RO         5442    i.HAL_RCCEx_PeriphCLKConfig  stm32f4xx_hal_rcc_ex.o
    0x0800b9bc   0x000001a4   Code   RO         3610    i.HAL_RCC_ClockConfig  stm32f4xx_hal_rcc.o
    0x0800bb60   0x00000038   Code   RO         3615    i.HAL_RCC_GetHCLKFreq  stm32f4xx_hal_rcc.o
    0x0800bb98   0x0000002c   Code   RO         3617    i.HAL_RCC_GetPCLK1Freq  stm32f4xx_hal_rcc.o
    0x0800bbc4   0x0000002c   Code   RO         3618    i.HAL_RCC_GetPCLK2Freq  stm32f4xx_hal_rcc.o
    0x0800bbf0   0x000000b4   Code   RO         3619    i.HAL_RCC_GetSysClockFreq  stm32f4xx_hal_rcc.o
    0x0800bca4   0x0000039c   Code   RO         3622    i.HAL_RCC_OscConfig  stm32f4xx_hal_rcc.o
    0x0800c040   0x00000002   Code   RO         5555    i.HAL_RTCEx_AlarmBEventCallback  stm32f4xx_hal_rtc_ex.o
    0x0800c042   0x00000012   Code   RO         5556    i.HAL_RTCEx_BKUPRead  stm32f4xx_hal_rtc_ex.o
    0x0800c054   0x00000012   Code   RO         5557    i.HAL_RTCEx_BKUPWrite  stm32f4xx_hal_rtc_ex.o
    0x0800c066   0x00000098   Code   RO         5563    i.HAL_RTCEx_DeactivateWakeUpTimer  stm32f4xx_hal_rtc_ex.o
    0x0800c0fe   0x00000002   PAD
    0x0800c100   0x0000012c   Code   RO         5583    i.HAL_RTCEx_SetWakeUpTimer_IT  stm32f4xx_hal_rtc_ex.o
    0x0800c22c   0x00000018   Code   RO         2881    i.HAL_RTCEx_WakeUpTimerEventCallback  eric_rtc.o
    0x0800c244   0x00000040   Code   RO         5589    i.HAL_RTCEx_WakeUpTimerIRQHandler  stm32f4xx_hal_rtc_ex.o
    0x0800c284   0x00000024   Code   RO         2882    i.HAL_RTC_AlarmAEventCallback  eric_rtc.o
    0x0800c2a8   0x0000006c   Code   RO         3086    i.HAL_RTC_AlarmIRQHandler  stm32f4xx_hal_rtc.o
    0x0800c314   0x000000f4   Code   RO         3088    i.HAL_RTC_DeactivateAlarm  stm32f4xx_hal_rtc.o
    0x0800c408   0x0000004c   Code   RO         3090    i.HAL_RTC_GetDate   stm32f4xx_hal_rtc.o
    0x0800c454   0x00000006   Code   RO         3091    i.HAL_RTC_GetState  stm32f4xx_hal_rtc.o
    0x0800c45a   0x00000002   PAD
    0x0800c45c   0x00000060   Code   RO         3092    i.HAL_RTC_GetTime   stm32f4xx_hal_rtc.o
    0x0800c4bc   0x000000b4   Code   RO         3093    i.HAL_RTC_Init      stm32f4xx_hal_rtc.o
    0x0800c570   0x0000003c   Code   RO          763    i.HAL_RTC_MspInit   rtc_1.o
    0x0800c5ac   0x00000228   Code   RO         3098    i.HAL_RTC_SetAlarm_IT  stm32f4xx_hal_rtc.o
    0x0800c7d4   0x00000114   Code   RO         3099    i.HAL_RTC_SetDate   stm32f4xx_hal_rtc.o
    0x0800c8e8   0x00000134   Code   RO         3100    i.HAL_RTC_SetTime   stm32f4xx_hal_rtc.o
    0x0800ca1c   0x0000003a   Code   RO         3101    i.HAL_RTC_WaitForSynchro  stm32f4xx_hal_rtc.o
    0x0800ca56   0x00000036   Code   RO         4975    i.HAL_SPI_DeInit    stm32f4xx_hal_spi.o
    0x0800ca8c   0x000000a0   Code   RO         4980    i.HAL_SPI_Init      stm32f4xx_hal_spi.o
    0x0800cb2c   0x0000003c   Code   RO          720    i.HAL_SPI_MspDeInit  spi.o
    0x0800cb68   0x0000007c   Code   RO          721    i.HAL_SPI_MspInit   spi.o
    0x0800cbe4   0x00000228   Code   RO         4983    i.HAL_SPI_Receive   stm32f4xx_hal_spi.o
    0x0800ce0c   0x00000196   Code   RO         4988    i.HAL_SPI_Transmit  stm32f4xx_hal_spi.o
    0x0800cfa2   0x00000240   Code   RO         4989    i.HAL_SPI_TransmitReceive  stm32f4xx_hal_spi.o
    0x0800d1e2   0x00000028   Code   RO         6449    i.HAL_SYSTICK_CLKSourceConfig  stm32f4xx_hal_cortex.o
    0x0800d20a   0x00000034   Code   RO         6451    i.HAL_SYSTICK_Config  stm32f4xx_hal_cortex.o
    0x0800d23e   0x00000062   Code   RO         3387    i.HAL_TIMEx_MasterConfigSynchronization  stm32f4xx_hal_tim_ex.o
    0x0800d2a0   0x00000034   Code   RO            4    i.HAL_TIM_MspPostInit  tim.o
    0x0800d2d4   0x00000108   Code   RO         4316    i.HAL_TIM_PWM_ConfigChannel  stm32f4xx_hal_tim.o
    0x0800d3dc   0x00000034   Code   RO         4319    i.HAL_TIM_PWM_Init  stm32f4xx_hal_tim.o
    0x0800d410   0x00000034   Code   RO            6    i.HAL_TIM_PWM_MspInit  tim.o
    0x0800d444   0x00000002   Code   RO         3726    i.HAL_UART_ErrorCallback  stm32f4xx_hal_uart.o
    0x0800d446   0x00000134   Code   RO         3729    i.HAL_UART_IRQHandler  stm32f4xx_hal_uart.o
    0x0800d57a   0x00000072   Code   RO         3730    i.HAL_UART_Init     stm32f4xx_hal_uart.o
    0x0800d5ec   0x0000006c   Code   RO          442    i.HAL_UART_MspInit  usart.o
    0x0800d658   0x00000070   Code   RO         3735    i.HAL_UART_Receive_IT  stm32f4xx_hal_uart.o
    0x0800d6c8   0x0000011c   Code   RO          443    i.HAL_UART_RxCpltCallback  usart.o
    0x0800d7e4   0x000000c4   Code   RO         3738    i.HAL_UART_Transmit  stm32f4xx_hal_uart.o
    0x0800d8a8   0x00000002   Code   RO         3741    i.HAL_UART_TxCpltCallback  stm32f4xx_hal_uart.o
    0x0800d8aa   0x00000034   Code   RO         5900    i.I2C_IsAcknowledgeFailed  stm32f4xx_hal_i2c.o
    0x0800d8de   0x00000002   PAD
    0x0800d8e0   0x00000130   Code   RO         5903    i.I2C_MasterRequestRead  stm32f4xx_hal_i2c.o
    0x0800da10   0x000000b4   Code   RO         5904    i.I2C_MasterRequestWrite  stm32f4xx_hal_i2c.o
    0x0800dac4   0x0000005a   Code   RO         5916    i.I2C_WaitOnBTFFlagUntilTimeout  stm32f4xx_hal_i2c.o
    0x0800db1e   0x000000e6   Code   RO         5917    i.I2C_WaitOnFlagUntilTimeout  stm32f4xx_hal_i2c.o
    0x0800dc04   0x000000b2   Code   RO         5918    i.I2C_WaitOnMasterAddressFlagUntilTimeout  stm32f4xx_hal_i2c.o
    0x0800dcb6   0x00000074   Code   RO         5919    i.I2C_WaitOnRXNEFlagUntilTimeout  stm32f4xx_hal_i2c.o
    0x0800dd2a   0x0000005a   Code   RO         5921    i.I2C_WaitOnTXEFlagUntilTimeout  stm32f4xx_hal_i2c.o
    0x0800dd84   0x000000f8   Code   RO         2035    i.IQS263DeviceSettings  touch.o
    0x0800de7c   0x0000001c   Code   RO          526    i.Info_Handler      freertos.o
    0x0800de98   0x00000048   Code   RO          869    i.LIS2DS12_ACC_GYRO_Pedo_Callback  g-sensor.o
    0x0800dee0   0x00000118   Code   RO          870    i.LIS2DS12_ACC_Get_Acceleration  g-sensor.o
    0x0800dff8   0x00000040   Code   RO          872    i.LIS2DS12_ACC_Get_Raw_Acceleration  g-sensor.o
    0x0800e038   0x00000040   Code   RO          873    i.LIS2DS12_ACC_Get_StepCounter  g-sensor.o
    0x0800e078   0x0000001e   Code   RO          955    i.LIS2DS12_ACC_R_STEP_DETECT  g-sensor.o
    0x0800e096   0x0000001e   Code   RO          968    i.LIS2DS12_ACC_R_WHO_AM_I_BIT  g-sensor.o
    0x0800e0b4   0x00000098   Code   RO          986    i.LIS2DS12_ACC_ReadReg  g-sensor.o
    0x0800e14c   0x00000038   Code   RO          991    i.LIS2DS12_ACC_W_BDU  g-sensor.o
    0x0800e184   0x00000038   Code   RO          999    i.LIS2DS12_ACC_W_FullScale  g-sensor.o
    0x0800e1bc   0x00000038   Code   RO         1021    i.LIS2DS12_ACC_W_LIR  g-sensor.o
    0x0800e1f4   0x00000038   Code   RO         1025    i.LIS2DS12_ACC_W_ODR  g-sensor.o
    0x0800e22c   0x00000038   Code   RO         1030    i.LIS2DS12_ACC_W_RST_NSTEP  g-sensor.o
    0x0800e264   0x00000038   Code   RO         1037    i.LIS2DS12_ACC_W_SOFT_RESET  g-sensor.o
    0x0800e29c   0x00000038   Code   RO         1039    i.LIS2DS12_ACC_W_STEP_CNT_ON  g-sensor.o
    0x0800e2d4   0x0000005c   Code   RO         1049    i.LIS2DS12_ACC_WriteReg  g-sensor.o
    0x0800e330   0x0000000c   Code   RO         1050    i.LIS2DS12_ACC_sample_Callback  g-sensor.o
    0x0800e33c   0x0000000e   Code   RO         1051    i.Loop_Test_Pedometer  g-sensor.o
    0x0800e34a   0x00000002   PAD
    0x0800e34c   0x0000004c   Code   RO          289    i.MX_ADC1_Init      adc.o
    0x0800e398   0x00000028   Code   RO          527    i.MX_FREERTOS_Init  freertos.o
    0x0800e3c0   0x000001a0   Code   RO          345    i.MX_GPIO_Init      gpio.o
    0x0800e560   0x00000038   Code   RO          380    i.MX_I2C1_Init      i2c.o
    0x0800e598   0x00000038   Code   RO          381    i.MX_I2C2_Init      i2c.o
    0x0800e5d0   0x000000c8   Code   RO          764    i.MX_RTC_Init       rtc_1.o
    0x0800e698   0x0000003c   Code   RO          722    i.MX_SPI1_Init      spi.o
    0x0800e6d4   0x00000058   Code   RO            7    i.MX_TIM3_Init      tim.o
    0x0800e72c   0x00000030   Code   RO          444    i.MX_USART2_UART_Init  usart.o
    0x0800e75c   0x00000010   Code   RO         6453    i.NVIC_GetPriorityGrouping  stm32f4xx_hal_cortex.o
    0x0800e76c   0x00000028   Code   RO         6454    i.NVIC_SetPriority  stm32f4xx_hal_cortex.o
    0x0800e794   0x00000098   Code   RO          528    i.PostSleepProcessing  freertos.o
    0x0800e82c   0x0000006c   Code   RO          529    i.PreSleepProcessing  freertos.o
    0x0800e898   0x00000050   Code   RO         2883    i.RTC_AlarmConfig   eric_rtc.o
    0x0800e8e8   0x00000010   Code   RO          171    i.RTC_Alarm_IRQHandler  stm32f4xx_it.o
    0x0800e8f8   0x00000016   Code   RO         3102    i.RTC_Bcd2ToByte    stm32f4xx_hal_rtc.o
    0x0800e90e   0x0000001a   Code   RO         3103    i.RTC_ByteToBcd2    stm32f4xx_hal_rtc.o
    0x0800e928   0x0000003e   Code   RO         3104    i.RTC_EnterInitMode  stm32f4xx_hal_rtc.o
    0x0800e966   0x00000002   PAD
    0x0800e968   0x000000a0   Code   RO         2884    i.RTC_Read_datetime  eric_rtc.o
    0x0800ea08   0x000000bc   Code   RO         2885    i.RTC_Set_datetime  eric_rtc.o
    0x0800eac4   0x00000010   Code   RO          172    i.RTC_WKUP_IRQHandler  stm32f4xx_it.o
    0x0800ead4   0x00000008   Code   RO         2180    i.SEGGER_RTT_Init   segger_rtt.o
    0x0800eadc   0x00000170   Code   RO         2183    i.SEGGER_RTT_Write  segger_rtt.o
    0x0800ec4c   0x0000001a   Code   RO         2253    i.SEGGER_RTT_printf  segger_rtt_printf.o
    0x0800ec66   0x000001f8   Code   RO         2254    i.SEGGER_RTT_vprintf  segger_rtt_printf.o
    0x0800ee5e   0x00000028   Code   RO         5004    i.SPI_CheckFlag_BSY  stm32f4xx_hal_spi.o
    0x0800ee86   0x0000002a   Code   RO         5005    i.SPI_CheckForDisablingSPI  stm32f4xx_hal_spi.o
    0x0800eeb0   0x000000a0   Code   RO         5022    i.SPI_WaitFlagStateUntilTimeout  stm32f4xx_hal_spi.o
    0x0800ef50   0x0000001a   Code   RO         1053    i.SetupPedoEvent    g-sensor.o
    0x0800ef6a   0x00000002   PAD
    0x0800ef6c   0x00000140   Code   RO          530    i.StartDefaultTask  freertos.o
    0x0800f0ac   0x0000000c   Code   RO          173    i.SysTick_Handler   stm32f4xx_it.o
    0x0800f0b8   0x000000cc   Code   RO          666    i.SystemClock_Config  main.o
    0x0800f184   0x00000064   Code   RO         6566    i.SystemInit        system_stm32f4xx.o
    0x0800f1e8   0x000000b0   Code   RO         4334    i.TIM_Base_SetConfig  stm32f4xx_hal_tim.o
    0x0800f298   0x00000064   Code   RO         4343    i.TIM_OC1_SetConfig  stm32f4xx_hal_tim.o
    0x0800f2fc   0x00000070   Code   RO         4344    i.TIM_OC2_SetConfig  stm32f4xx_hal_tim.o
    0x0800f36c   0x0000006c   Code   RO         4345    i.TIM_OC3_SetConfig  stm32f4xx_hal_tim.o
    0x0800f3d8   0x00000058   Code   RO         4346    i.TIM_OC4_SetConfig  stm32f4xx_hal_tim.o
    0x0800f430   0x00000020   Code   RO         3748    i.UART_EndTransmit_IT  stm32f4xx_hal_uart.o
    0x0800f450   0x000000a6   Code   RO         3749    i.UART_Receive_IT   stm32f4xx_hal_uart.o
    0x0800f4f6   0x00000002   PAD
    0x0800f4f8   0x00000368   Code   RO         3750    i.UART_SetConfig    stm32f4xx_hal_uart.o
    0x0800f860   0x00000068   Code   RO         3751    i.UART_Transmit_IT  stm32f4xx_hal_uart.o
    0x0800f8c8   0x00000104   Code   RO         3752    i.UART_WaitOnFlagUntilTimeout  stm32f4xx_hal_uart.o
    0x0800f9cc   0x00000010   Code   RO          174    i.USART2_IRQHandler  stm32f4xx_it.o
    0x0800f9dc   0x00000014   Code   RO         2493    i._ClrOEIPin        epd_tcon_hal_imp.o
    0x0800f9f0   0x00000014   Code   RO         2494    i._ClrPowerOnPin    epd_tcon_hal_imp.o
    0x0800fa04   0x00000014   Code   RO         2495    i._ClrResetPin      epd_tcon_hal_imp.o
    0x0800fa18   0x0000000c   Code   RO         2496    i._DelayMS          epd_tcon_hal_imp.o
    0x0800fa24   0x00000014   Code   RO         2497    i._GetTimerState    epd_tcon_hal_imp.o
    0x0800fa38   0x00000002   Code   RO         2185    i._Init             segger_rtt.o
    0x0800fa3a   0x00000002   Code   RO         2498    i._OnFrameStartEvent  epd_tcon_hal_imp.o
    0x0800fa3c   0x000000ea   Code   RO         2255    i._PrintInt         segger_rtt_printf.o
    0x0800fb26   0x00000002   PAD
    0x0800fb28   0x000000f4   Code   RO         2256    i._PrintUnsigned    segger_rtt_printf.o
    0x0800fc1c   0x00000010   Code   RO         2499    i._ReadBusyPin      epd_tcon_hal_imp.o
    0x0800fc2c   0x00000014   Code   RO         2500    i._SetOEIPin        epd_tcon_hal_imp.o
    0x0800fc40   0x00000014   Code   RO         2501    i._SetPowerOnPin    epd_tcon_hal_imp.o
    0x0800fc54   0x00000014   Code   RO         2502    i._SetResetPin      epd_tcon_hal_imp.o
    0x0800fc68   0x00000014   Code   RO         2503    i._Spi_CS_Disable   epd_tcon_hal_imp.o
    0x0800fc7c   0x00000014   Code   RO         2504    i._Spi_CS_Enable    epd_tcon_hal_imp.o
    0x0800fc90   0x00000040   Code   RO         2505    i._Spi_ReadByte     epd_tcon_hal_imp.o
    0x0800fcd0   0x00000016   Code   RO         2506    i._Spi_SetClock     epd_tcon_hal_imp.o
    0x0800fce6   0x00000002   PAD
    0x0800fce8   0x00000018   Code   RO         2507    i._Spi_Write        epd_tcon_hal_imp.o
    0x0800fd00   0x00000034   Code   RO         2508    i._StartTimer       epd_tcon_hal_imp.o
    0x0800fd34   0x00000044   Code   RO         2257    i._StoreChar        segger_rtt_printf.o
    0x0800fd78   0x00000028   Code   RO         7958    i.__0sprintf        mc_w.l(printfa.o)
    0x0800fda0   0x0000000e   Code   RO         8032    i.__scatterload_copy  mc_w.l(handlers.o)
    0x0800fdae   0x00000002   Code   RO         8033    i.__scatterload_null  mc_w.l(handlers.o)
    0x0800fdb0   0x0000000e   Code   RO         8034    i.__scatterload_zeroinit  mc_w.l(handlers.o)
    0x0800fdbe   0x00000002   PAD
    0x0800fdc0   0x00000164   Code   RO         7963    i._fp_digits        mc_w.l(printfa.o)
    0x0800ff24   0x000006dc   Code   RO         7964    i._printf_core      mc_w.l(printfa.o)
    0x08010600   0x00000024   Code   RO         7965    i._printf_post_padding  mc_w.l(printfa.o)
    0x08010624   0x0000002e   Code   RO         7966    i._printf_pre_padding  mc_w.l(printfa.o)
    0x08010652   0x0000000a   Code   RO         7968    i._sputc            mc_w.l(printfa.o)
    0x0801065c   0x0000001a   Code   RO         2296    i.check_sum         comm.o
    0x08010676   0x00000002   PAD
    0x08010678   0x0000003c   Code   RO         7035    i.eTaskConfirmSleepModeStatus  tasks.o
    0x080106b4   0x00000010   Code   RO          531    i.eric_sleep        freertos.o
    0x080106c4   0x00000044   Code   RO         2510    i.eric_spi_init     epd_tcon_hal_imp.o
    0x08010708   0x00000010   Code   RO          532    i.eric_wakeup       freertos.o
    0x08010718   0x00000120   Code   RO         2787    i.flash_erase_sector_init  eric_flash.o
    0x08010838   0x0000015c   Code   RO         2788    i.flash_format      eric_flash.o
    0x08010994   0x00000028   Code   RO         2789    i.flash_init        eric_flash.o
    0x080109bc   0x00000034   Code   RO         2790    i.flash_read        eric_flash.o
    0x080109f0   0x000001c4   Code   RO         2791    i.flash_write_movedata  eric_flash.o
    0x08010bb4   0x00000020   Code   RO         2036    i.flickLeft         touch.o
    0x08010bd4   0x00000020   Code   RO         2037    i.flickRight        touch.o
    0x08010bf4   0x000002f0   Code   RO          533    i.func_DispTask     freertos.o
    0x08010ee4   0x00000104   Code   RO          534    i.func_buttonTask   freertos.o
    0x08010fe8   0x00000108   Code   RO          535    i.func_sensorTask   freertos.o
    0x080110f0   0x00000064   Code   RO          536    i.func_touchTask    freertos.o
    0x08011154   0x0000001c   Code   RO          537    i.func_uartTask     freertos.o
    0x08011170   0x00000030   Code   RO          538    i.func_wakeTask     freertos.o
    0x080111a0   0x000000a8   Code   RO         2038    i.handleEvents      touch.o
    0x08011248   0x00000010   Code   RO         6610    i.inHandlerMode     cmsis_os.o
    0x08011258   0x0000004c   Code   RO         1055    i.init_LIS2DS12_Pedometer  g-sensor.o
    0x080112a4   0x0000004c   Code   RO         2039    i.iqs263_ReadBytes  touch.o
    0x080112f0   0x0000004c   Code   RO         2040    i.iqs263_WriteBytes  touch.o
    0x0801133c   0x00000074   Code   RO         2041    i.iqs263_init       touch.o
    0x080113b0   0x00000048   Code   RO         2042    i.iqs263_rdy        touch.o
    0x080113f8   0x00000010   Code   RO         2043    i.iqs263_rdy_read   touch.o
    0x08011408   0x00000056   Code   RO         2374    i.lcd_disp_battery  disp.o
    0x0801145e   0x00000002   PAD
    0x08011460   0x00000074   Code   RO         2375    i.lcd_disp_bmp      disp.o
    0x080114d4   0x00000016   Code   RO         2376    i.lcd_disp_clear    disp.o
    0x080114ea   0x00000002   PAD
    0x080114ec   0x0000011c   Code   RO         2377    i.lcd_disp_date     disp.o
    0x08011608   0x00000128   Code   RO         2378    i.lcd_disp_font     disp.o
    0x08011730   0x000000a8   Code   RO         2379    i.lcd_disp_number   disp.o
    0x080117d8   0x000000b4   Code   RO         2380    i.lcd_disp_time     disp.o
    0x0801188c   0x00000014   Code   RO         2381    i.lcd_display_on    disp.o
    0x080118a0   0x0000000c   Code   RO         2382    i.lcd_display_update  disp.o
    0x080118ac   0x00000050   Code   RO         2383    i.lcd_init          disp.o
    0x080118fc   0x00000086   Code   RO         2385    i.lcd_write_data    disp.o
    0x08011982   0x0000001e   Code   RO         1057    i.lis2ds12_init     g-sensor.o
    0x080119a0   0x00000048   Code   RO          667    i.main              main.o
    0x080119e8   0x0000000e   Code   RO         6612    i.makeFreeRtosPriority  cmsis_os.o
    0x080119f6   0x00000018   Code   RO         6613    i.osDelay           cmsis_os.o
    0x08011a0e   0x0000000a   Code   RO         6616    i.osKernelStart     cmsis_os.o
    0x08011a18   0x0000000c   Code   RO         6628    i.osMutexCreate     cmsis_os.o
    0x08011a24   0x00000050   Code   RO         6630    i.osMutexRelease    cmsis_os.o
    0x08011a74   0x0000006c   Code   RO         6631    i.osMutexWait       cmsis_os.o
    0x08011ae0   0x00000058   Code   RO         6643    i.osSignalSet       cmsis_os.o
    0x08011b38   0x00000064   Code   RO         6644    i.osSignalWait      cmsis_os.o
    0x08011b9c   0x00000010   Code   RO         6645    i.osSystickHandler  cmsis_os.o
    0x08011bac   0x0000003a   Code   RO         6646    i.osThreadCreate    cmsis_os.o
    0x08011be6   0x00000012   Code   RO         6651    i.osThreadResumeAll  cmsis_os.o
    0x08011bf8   0x0000000a   Code   RO         6654    i.osThreadSuspendAll  cmsis_os.o
    0x08011c02   0x0000000e   Code   RO         6655    i.osThreadTerminate  cmsis_os.o
    0x08011c10   0x00000016   Code   RO         2298    i.phone_nitofy_data  comm.o
    0x08011c26   0x00000002   PAD
    0x08011c28   0x00000054   Code   RO         7036    i.prvAddCurrentTaskToDelayedList  tasks.o
    0x08011c7c   0x00000042   Code   RO         7037    i.prvAllocateTCBAndStack  tasks.o
    0x08011cbe   0x00000002   PAD
    0x08011cc0   0x00000064   Code   RO         7038    i.prvCheckTasksWaitingTermination  tasks.o
    0x08011d24   0x0000002a   Code   RO         7464    i.prvCopyDataFromQueue  queue.o
    0x08011d4e   0x00000080   Code   RO         7465    i.prvCopyDataToQueue  queue.o
    0x08011dce   0x00000012   Code   RO         7039    i.prvDeleteTCB      tasks.o
    0x08011de0   0x00000034   Code   RO         7040    i.prvGetExpectedIdleTime  tasks.o
    0x08011e14   0x0000007c   Code   RO         7636    i.prvHeapInit       heap_4.o
    0x08011e90   0x0000007c   Code   RO         7041    i.prvIdleTask       tasks.o
    0x08011f0c   0x00000062   Code   RO         7042    i.prvInitialiseTCBVariables  tasks.o
    0x08011f6e   0x00000002   PAD
    0x08011f70   0x00000068   Code   RO         7043    i.prvInitialiseTaskLists  tasks.o
    0x08011fd8   0x00000068   Code   RO         7637    i.prvInsertBlockIntoFreeList  heap_4.o
    0x08012040   0x0000001a   Code   RO         7466    i.prvIsQueueEmpty   queue.o
    0x0801205a   0x0000001e   Code   RO         7467    i.prvIsQueueFull    queue.o
    0x08012078   0x00000034   Code   RO         7045    i.prvResetNextTaskUnblockTime  tasks.o
    0x080120ac   0x00000040   Code   RO         7394    i.prvTaskExitError  port.o
    0x080120ec   0x0000007e   Code   RO         7468    i.prvUnlockQueue    queue.o
    0x0801216a   0x00000002   PAD
    0x0801216c   0x0000013c   Code   RO         7638    i.pvPortMalloc      heap_4.o
    0x080122a8   0x00000020   Code   RO         7048    i.pvTaskIncrementMutexHeldCount  tasks.o
    0x080122c8   0x00000028   Code   RO         7395    i.pxPortInitialiseStack  port.o
    0x080122f0   0x000000c8   Code   RO         2139    i.read_batt         power.o
    0x080123b8   0x00000014   Code   RO         2886    i.read_rtc_status   eric_rtc.o
    0x080123cc   0x0000018c   Code   RO         2299    i.rece_dispatch     comm.o
    0x08012558   0x00000008   Code   RO          765    i.rtc_backup_init   rtc_1.o
    0x08012560   0x00000098   Code   RO          766    i.rtc_check         rtc_1.o
    0x080125f8   0x0000002c   Code   RO         2887    i.rtc_init          eric_rtc.o
    0x08012624   0x00000020   Code   RO         2888    i.rtc_wakeup        eric_rtc.o
    0x08012644   0x0000013c   Code   RO         2300    i.send_day_data     comm.o
    0x08012780   0x0000008c   Code   RO          539    i.send_message      freertos.o
    0x0801280c   0x00000044   Code   RO         2301    i.send_mode         comm.o
    0x08012850   0x00000078   Code   RO         2302    i.send_sensor_data  comm.o
    0x080128c8   0x0000003c   Code   RO         2303    i.send_shakehand    comm.o
    0x08012904   0x00000068   Code   RO         2304    i.send_version_info  comm.o
    0x0801296c   0x00000020   Code   RO         2047    i.tapEvent          touch.o
    0x0801298c   0x00000040   Code   RO          445    i.uart2_read        usart.o
    0x080129cc   0x0000001c   Code   RO          446    i.uart2_send        usart.o
    0x080129e8   0x00000028   Code   RO         7357    i.uxListRemove      list.o
    0x08012a10   0x0000001a   Code   RO         7358    i.vListInitialise   list.o
    0x08012a2a   0x00000006   Code   RO         7359    i.vListInitialiseItem  list.o
    0x08012a30   0x00000034   Code   RO         7360    i.vListInsert       list.o
    0x08012a64   0x00000018   Code   RO         7361    i.vListInsertEnd    list.o
    0x08012a7c   0x00000054   Code   RO         7397    i.vPortEnterCritical  port.o
    0x08012ad0   0x0000003c   Code   RO         7398    i.vPortExitCritical  port.o
    0x08012b0c   0x00000094   Code   RO         7639    i.vPortFree         heap_4.o
    0x08012ba0   0x0000005c   Code   RO         7399    i.vPortSetupTimerInterrupt  port.o
    0x08012bfc   0x00000154   Code   RO         7400    i.vPortSuppressTicksAndSleep  port.o
    0x08012d50   0x00000078   Code   RO         7401    i.vPortValidateInterruptPriority  port.o
    0x08012dc8   0x0000008c   Code   RO         7056    i.vTaskDelay        tasks.o
    0x08012e54   0x000000e0   Code   RO         7057    i.vTaskDelete       tasks.o
    0x08012f34   0x0000000c   Code   RO         7059    i.vTaskMissedYield  tasks.o
    0x08012f40   0x0000007c   Code   RO         7061    i.vTaskPlaceOnEventList  tasks.o
    0x08012fbc   0x000000b0   Code   RO         7063    i.vTaskPriorityInherit  tasks.o
    0x0801306c   0x00000030   Code   RO         7067    i.vTaskSetTimeOutState  tasks.o
    0x0801309c   0x00000070   Code   RO         7068    i.vTaskStartScheduler  tasks.o
    0x0801310c   0x00000040   Code   RO         7069    i.vTaskStepTick     tasks.o
    0x0801314c   0x00000010   Code   RO         7071    i.vTaskSuspendAll   tasks.o
    0x0801315c   0x0000008c   Code   RO         7072    i.vTaskSwitchContext  tasks.o
    0x080131e8   0x0000013c   Code   RO         7402    i.xPortStartScheduler  port.o
    0x08013324   0x00000034   Code   RO         7403    i.xPortSysTickHandler  port.o
    0x08013358   0x00000064   Code   RO         7479    i.xQueueCreateMutex  queue.o
    0x080133bc   0x000001ac   Code   RO         7481    i.xQueueGenericReceive  queue.o
    0x08013568   0x000001a0   Code   RO         7483    i.xQueueGenericSend  queue.o
    0x08013708   0x000000d6   Code   RO         7485    i.xQueueGiveFromISR  queue.o
    0x080137de   0x000000bc   Code   RO         7490    i.xQueueReceiveFromISR  queue.o
    0x0801389a   0x00000002   PAD
    0x0801389c   0x0000008c   Code   RO         7073    i.xTaskCheckForTimeOut  tasks.o
    0x08013928   0x00000170   Code   RO         7074    i.xTaskGenericCreate  tasks.o
    0x08013a98   0x00000104   Code   RO         7075    i.xTaskGenericNotify  tasks.o
    0x08013b9c   0x00000020   Code   RO         7077    i.xTaskGetSchedulerState  tasks.o
    0x08013bbc   0x0000014c   Code   RO         7080    i.xTaskIncrementTick  tasks.o
    0x08013d08   0x00000128   Code   RO         7081    i.xTaskNotifyFromISR  tasks.o
    0x08013e30   0x000000e4   Code   RO         7082    i.xTaskNotifyWait   tasks.o
    0x08013f14   0x000000c8   Code   RO         7083    i.xTaskPriorityDisinherit  tasks.o
    0x08013fdc   0x0000009c   Code   RO         7084    i.xTaskRemoveFromEventList  tasks.o
    0x08014078   0x00000104   Code   RO         7086    i.xTaskResumeAll    tasks.o
    0x0801417c   0x0000008c   Data   RO          541    .constdata          freertos.o
    0x08014208   0x00000060   Data   RO         1060    .constdata          g-sensor.o
    0x08014268   0x00000010   Data   RO         2258    .constdata          segger_rtt_printf.o
    0x08014278   0x00000040   Data   RO         2514    .constdata          epd_tcon_hal_imp.o
    0x080142b8   0x000122e8   Data   RO         2775    .constdata          waveformdata.o
    0x080265a0   0x00000010   Data   RO         3623    .constdata          stm32f4xx_hal_rcc.o
    0x080265b0   0x0000000c   Data   RO         7696    .constdata          SWTCON2_Cortex-M4.lib(epd_tcon.o)
    0x080265bc   0x0000017b   Data   RO         7700    .constdata          SWTCON2_Cortex-M4.lib(epd_driver.o)
    0x08026737   0x00000001   PAD
    0x08026738   0x0000005c   Data   RO          542    .conststring        freertos.o
    0x08026794   0x00000009   Data   RO         2188    .conststring        segger_rtt.o
    0x0802679d   0x00000003   PAD
    0x080267a0   0x0000004d   Data   RO         2793    .conststring        eric_flash.o
    0x080267ed   0x00000003   PAD
    0x080267f0   0x00000020   Data   RO         8030    Region$$Table       anon$$obj.o


    Execution Region RW_IRAM1 (Base: 0x20000000, Size: 0x000100e8, Max: 0x00018000, ABSOLUTE, COMPRESSED[0x00000e90])

    Base Addr    Size         Type   Attr      Idx    E Section Name        Object

    0x20000000   0x00000004   Data   RW          448    .data               usart.o
    0x20000004   0x0000002c   Data   RW          543    .data               freertos.o
    0x20000030   0x00000004   Data   RW         1061    .data               g-sensor.o
    0x20000034   0x00000004   Data   RW         2140    .data               power.o
    0x20000038   0x00000078   Data   RW         2189    .data               segger_rtt.o
    0x200000b0   0x00000009   Data   RW         2305    .data               comm.o
    0x200000b9   0x00000003   PAD
    0x200000bc   0x00002264   Data   RW         2387    .data               disp.o
    0x20002320   0x00000004   Data   RW         2515    .data               epd_tcon_hal_imp.o
    0x20002324   0x00000018   Data   RW         2794    .data               eric_flash.o
    0x2000233c   0x0000000b   Data   RW         2890    .data               eric_rtc.o
    0x20002347   0x00000001   PAD
    0x20002348   0x00000004   Data   RW         3244    .data               stm32f4xx_hal.o
    0x2000234c   0x00000004   Data   RW         6568    .data               system_stm32f4xx.o
    0x20002350   0x00000038   Data   RW         7089    .data               tasks.o
    0x20002388   0x00000018   Data   RW         7404    .data               port.o
    0x200023a0   0x00000018   Data   RW         7644    .data               heap_4.o
    0x200023b8   0x00000008   Data   RW         7701    .data               SWTCON2_Cortex-M4.lib(epd_driver.o)
    0x200023c0   0x0000003c   Zero   RW            8    .bss                tim.o
    0x200023fc   0x00000048   Zero   RW          292    .bss                adc.o
    0x20002444   0x00000088   Zero   RW          382    .bss                i2c.o
    0x200024cc   0x00000060   Zero   RW          447    .bss                usart.o
    0x2000252c   0x0000000c   Zero   RW          540    .bss                freertos.o
    0x20002538   0x00000058   Zero   RW          723    .bss                spi.o
    0x20002590   0x00000020   Zero   RW          767    .bss                rtc_1.o
    0x200025b0   0x0000000a   Zero   RW         2049    .bss                touch.o
    0x200025ba   0x00000410   Zero   RW         2187    .bss                segger_rtt.o
    0x200029ca   0x00000002   PAD
    0x200029cc   0x00000194   Zero   RW         2658    .bss                graphics_2bpp.o
    0x20002b60   0x00000090   Zero   RW         2792    .bss                eric_flash.o
    0x20002bf0   0x00000028   Zero   RW         2889    .bss                eric_rtc.o
    0x20002c18   0x00000020   Zero   RW         2984    .bss                stm32f4xx_hal_flash.o
    0x20002c38   0x000000f0   Zero   RW         7088    .bss                tasks.o
    0x20002d28   0x00003c00   Zero   RW         7643    .bss                heap_4.o
    0x20006928   0x00009534   Zero   RW         7695    .bss                SWTCON2_Cortex-M4.lib(epd_tcon.o)
    0x2000fe5c   0x00000080   Zero   RW         7699    .bss                SWTCON2_Cortex-M4.lib(epd_driver.o)
    0x2000fedc   0x0000000c   Zero   RW         7704    .bss                SWTCON2_Cortex-M4.lib(epd_waveform.o)
    0x2000fee8   0x00000200   Zero   RW         2957    STACK               startup_stm32f401xe.o


==============================================================================

Image component sizes


      Code (inc. data)   RO Data    RW Data    ZI Data      Debug   Object Name

       176         24          0          0         72       1673   adc.o
       568         14          0          0          0      21099   cmsis_os.o
      1112        150          0          9          0       6322   comm.o
      1398         78          0       8804          0      10844   disp.o
       440        100         64          4          0       9414   epd_tcon_hal_imp.o
      1332        288         77         24        144       5303   eric_flash.o
       682        100          0         11         40       6413   eric_rtc.o
         0          0          0          0          0       7944   event_groups.o
      2300        432        232         44         12      12545   freertos.o
      1334        122         96          4          0      31568   g-sensor.o
       564         76          0          0          0       1810   gpio.o
      1088         32          0          0        404       6854   graphics_2bpp.o
       692         62          0         24      15360       7331   heap_4.o
       304         44          0          0        136       2262   i2c.o
       148          0          0          0          0       3662   list.o
       276         18          0          0          0       1824   main.o
      1354        112          0         24          0      10966   port.o
       202         30          0          4          0       1917   power.o
      1698          8          0          0          0      11774   queue.o
       420         22          0          0         32       2987   rtc_1.o
       378          4          9        120       1040       3033   segger_rtt.o
      1076          4         16          0          0       7677   segger_rtt_printf.o
       244         44          0          0         88       2213   spi.o
        36          8        404          0        512        820   startup_stm32f401xe.o
       150         16          0          4          0       4315   stm32f4xx_hal.o
      1784         52          0          0          0       8396   stm32f4xx_hal_adc.o
         2          0          0          0          0       1041   stm32f4xx_hal_adc_ex.o
       406         30          0          0          0      32280   stm32f4xx_hal_cortex.o
       668         60          0          0         32       6142   stm32f4xx_hal_flash.o
       444         26          0          0          0       3338   stm32f4xx_hal_flash_ex.o
       836         66          0          0          0       4612   stm32f4xx_hal_gpio.o
      2502         42          0          0          0      11457   stm32f4xx_hal_i2c.o
        20          0          0          0          0        506   stm32f4xx_hal_msp.o
        24          4          0          0          0        563   stm32f4xx_hal_pwr.o
        24          4          0          0          0        581   stm32f4xx_hal_pwr_ex.o
      1668         68         16          0          0       5827   stm32f4xx_hal_rcc.o
       428         20          0          0          0       1412   stm32f4xx_hal_rcc_ex.o
      2014         32          0          0          0      10631   stm32f4xx_hal_rtc.o
       554         10          0          0          0       4905   stm32f4xx_hal_rtc_ex.o
      1990          0          0          0          0       7827   stm32f4xx_hal_spi.o
       900         48          0          0          0       5740   stm32f4xx_hal_tim.o
        98          0          0          0          0       1196   stm32f4xx_hal_tim_ex.o
      2168          8          0          0          0       8835   stm32f4xx_hal_uart.o
       128         24          0          0          0      25010   stm32f4xx_it.o
       100         18          0          4          0       1389   system_stm32f4xx.o
      4118        522          0         56        240      29234   tasks.o
       192         26          0          0         60     313939   tim.o
       868        156          0          0         10       6673   touch.o
       532         86          0          4         96       3621   usart.o
         0          0      74472          0          0        457   waveformdata.o

    ----------------------------------------------------------------------
     40492       3090      75424       9144      18280     678182   Object Totals
         0          0         32          0          0          0   (incl. Generated)
        52          0          6          4          2          0   (incl. Padding)

    ----------------------------------------------------------------------

      Code (inc. data)   RO Data    RW Data    ZI Data      Debug   Library Member Name

      1844         64        379          8        128        600   epd_driver.o
      2418         34         12          0      38196        640   epd_tcon.o
       396          6          0          0         12        364   epd_waveform.o
        86          0          0          0          0          0   __dczerorl2.o
         0          0          0          0          0          0   entry.o
         0          0          0          0          0          0   entry10a.o
         0          0          0          0          0          0   entry11a.o
         8          4          0          0          0          0   entry2.o
         4          0          0          0          0          0   entry5.o
         0          0          0          0          0          0   entry7b.o
         0          0          0          0          0          0   entry8b.o
         8          4          0          0          0          0   entry9a.o
        30          0          0          0          0          0   handlers.o
        36          8          0          0          0         68   init.o
         0          0          0          0          0          0   iusefp.o
        98          0          0          0          0         84   ldiv.o
        30          0          0          0          0         68   llshl.o
        36          0          0          0          0         68   llsshr.o
        32          0          0          0          0         68   llushr.o
        64          0          0          0          0         76   memmovea.o
        36          0          0          0          0        108   memseta.o
      2244         86          0          0          0        512   printfa.o
        14          0          0          0          0         68   strlen.o
        44          0          0          0          0         80   uidiv.o
        98          0          0          0          0         92   uldiv.o
        48          0          0          0          0         68   cdrcmple.o
       334          0          0          0          0        148   dadd.o
       222          0          0          0          0        100   ddiv.o
       186          0          0          0          0        176   depilogue.o
        48          0          0          0          0         68   dfixul.o
       228          0          0          0          0         96   dmul.o
        38          0          0          0          0         68   f2d.o

    ----------------------------------------------------------------------
      8636        206        392          8      38336       3620   Library Totals
         6          0          1          0          0          0   (incl. Padding)

    ----------------------------------------------------------------------

      Code (inc. data)   RO Data    RW Data    ZI Data      Debug   Library Name

      4658        104        391          8      38336       1604   SWTCON2_Cortex-M4.lib
      2868        102          0          0          0       1292   mc_w.l
      1104          0          0          0          0        724   mf_w.l

    ----------------------------------------------------------------------
      8636        206        392          8      38336       3620   Library Totals

    ----------------------------------------------------------------------

==============================================================================


      Code (inc. data)   RO Data    RW Data    ZI Data      Debug   

     49128       3296      75816       9152      56616     648046   Grand Totals
     49128       3296      75816       3728      56616     648046   ELF Image Totals (compressed)
     49128       3296      75816       3728          0          0   ROM Totals

==============================================================================

    Total RO  Size (Code + RO Data)               124944 ( 122.02kB)
    Total RW  Size (RW Data + ZI Data)             65768 (  64.23kB)
    Total ROM Size (Code + RO Data + RW Data)     128672 ( 125.66kB)

==============================================================================

