<html>
<body>
<pre>
<h1>礦ision Build Log</h1>
<h2>Tool Versions:</h2>
IDE-Version: μVision V5.13.0.0
Copyright (C) 2014 ARM Ltd and ARM Germany GmbH. All rights reserved.
License Information: eric Win, Win, LIC=FQQQD-89G9A-NTT3G-V1PT9-V1YVI-LRP5B
 
Tool Versions:
Toolchain:       MDK-ARM Professional  Version: 5.13.0.0
Toolchain Path:  d:\develop\Keil_v5\ARM\ARMCC\Bin
C Compiler:      Armcc.exe V5.05 update 1 (build 106)
Assembler:       Armasm.exe V5.05 update 1 (build 106)
Linker/Locator:  ArmLink.exe V5.05 update 1 (build 106)
Library Manager: ArmAr.exe V5.05 update 1 (build 106)
Hex Converter:   FromElf.exe V5.05 update 1 (build 106)
CPU DLL:         SARMCM3.DLL V5.13.0.0
Dialog DLL:      DCM.DLL V1.13.1.0
Target DLL:      Segger\JL2CM3.dll V2.99.11.0
Dialog DLL:      TCM.DLL V1.14.4.0
 
<h2>Project:</h2>
E:\项目\51822\st资料\test\51822_qfndemo\51822_st401\MDK-ARM\51822_st401.uvprojx
Project File Date:  04/23/2016

<h2>Output:</h2>
Build target '51822_st401'
compiling eric_flash.c...
..\eric-src\eric_flash.h(51): warning:  #1-D: last line of file ends without a newline
  #endif
..\eric-src\eric_flash.c(81): warning:  #223-D: function "SEGGER_RTT_printf" declared implicitly
                SEGGER_RTT_printf(0,"flash_read:0x%x=0x%x\r\n",(Address+i),*(Address+i));
..\eric-src\eric_flash.c(99): warning:  #223-D: function "SEGGER_RTT_printf" declared implicitly
                        SEGGER_RTT_printf(0,"flash_erase_sector:sector_no is error\r\n");
..\eric-src\eric_flash.c(107): warning:  #223-D: function "SEGGER_RTT_printf" declared implicitly
                                        SEGGER_RTT_printf(0,"erase is error\r\n");
..\eric-src\eric_flash.c(134): warning:  #223-D: function "SEGGER_RTT_printf" declared implicitly
                                        SEGGER_RTT_printf(0,"erase is error\r\n");
..\eric-src\eric_flash.c(166): warning:  #223-D: function "RTC_Read_datetime" declared implicitly
        RTC_Read_datetime(curr_time,1);
..\eric-src\eric_flash.c(203): warning:  #223-D: function "SEGGER_RTT_printf" declared implicitly
                SEGGER_RTT_printf(0,"flash_write_movedata:data have been writed\r\n");
..\eric-src\eric_flash.c(242): warning:  #223-D: function "RTC_AlarmConfig" declared implicitly
        RTC_AlarmConfig(hour,min);
..\eric-src\eric_flash.c(243): warning:  #223-D: function "SEGGER_RTT_printf" declared implicitly
        SEGGER_RTT_printf(0,"flash_write_movedata:index=%d;address=%x;time=%d:%d;write_add=0x%x,step=%d\r\n",curr_index,data_header[curr_index].start_add,curr_time[0],curr_time[1],temp_add,sensor_data->step_count);
..\eric-src\eric_flash.c(157): warning:  #177-D: variable "i" was declared but never referenced
        uint8_t i=0;
..\eric-src\eric_flash.c(271): warning:  #223-D: function "SEGGER_RTT_printf" declared implicitly
                SEGGER_RTT_printf(0,"erase is error\r\n");
..\eric-src\eric_flash.c(274): warning:  #223-D: function "SEGGER_RTT_printf" declared implicitly
                        SEGGER_RTT_printf(0,"erase is ok\r\n");
..\eric-src\eric_flash.c(292): warning:  #223-D: function "memset" declared implicitly
                        memset(data_header+i,0,sizeof(stru_header));//emtpy memory
..\eric-src\eric_flash.c(13): warning:  #177-D: variable "Address" was declared but never referenced
  static uint32_t FirstSector = 0, NbOfSectors = 0, Address = 0;
..\eric-src\eric_flash.c: 14 warnings, 0 errors
linking...
Program Size: Code=48784 RO-data=75816 RW-data=9152 ZI-data=56616  
FromELF: creating hex file...
"51822_st401\51822_st401.axf" - 0 Error(s), 14 Warning(s).

<h2>Software Packages used:</h2>

Package Vendor: ARM
                http://www.keil.com/pack/ARM.CMSIS.4.5.0.pack
                ARM::CMSIS:CORE:4.3.0
                CMSIS (Cortex Microcontroller Software Interface Standard)
   * Component: CORE Version: 4.3.0

<h2>Collection of Component include folders:</h2>
  E:\项目\51822\st资料\test\51822_qfndemo\51822_st401\MDK-ARM\RTE
  d:\develop\Keil_v5\ARM\PACK\ARM\CMSIS\4.5.0\CMSIS\Include
  d:\develop\Keil_v5\ARM\PACK\Keil\STM32F4xx_DFP\2.7.0

<h2>Collection of Component Files used:</h2>

   * Component: ARM::CMSIS:CORE:4.3.0
</pre>
</body>
</html>
